<html>
<body>
<pre>
<h1>µVision Build Log</h1>
<h2>Tool Versions:</h2>
IDE-Version: µVision V5.29.0.0
Copyright (C) 2019 ARM Ltd and ARM Germany GmbH. All rights reserved.
License Information: Kirsten Scheller, HP Inc., LIC=----
 
Tool Versions:
Toolchain:       MDK-Lite  Version: 5.29.0.0
Toolchain Path:  C:\Keil_v5\ARM\ARMCC\Bin
C Compiler:      Armcc.exe V5.06 update 6 (build 750)
Assembler:       Armasm.exe V5.06 update 6 (build 750)
Linker/Locator:  ArmLink.exe V5.06 update 6 (build 750)
Library Manager: ArmAr.exe V5.06 update 6 (build 750)
Hex Converter:   FromElf.exe V5.06 update 6 (build 750)
CPU DLL:         SARMCM3.DLL V5.29.0.0
Dialog DLL:      DCM.DLL V1.17.3.0
Target DLL:      CMSIS_AGDI.dll V1.32.0.0
Dialog DLL:      TCM.DLL V1.36.5.0
 
<h2>Project:</h2>
C:\Users\kirst\Desktop\cmn83-kah279-kes334-master\i2c.uvprojx
Project File Date:  05/24/2020

<h2>Output:</h2>
*** Using Compiler 'V5.06 update 6 (build 750)', folder: 'C:\Keil_v5\ARM\ARMCC\Bin'
Rebuild target 'Target 1'
assembling 3140.s...
compiling utils.c...
compiling 3140_concur.c...
compiling 3140_serial.c...
src\3140_serial.h(24): warning:  #1-D: last line of file ends without a newline
  #endif /* __3140_serial */
src\3140_serial.c(61): warning:  #1-D: last line of file ends without a newline
  }
src\3140_serial.c: 2 warnings, 0 errors
compiling 3140_i2c.c...
src\3140_i2c.h(91): warning:  #1-D: last line of file ends without a newline
  #endif /* __3140_i2c__ */
src\3140_i2c.c: 1 warning, 0 errors
compiling 3140_accel.c...
src\3140_serial.h(24): warning:  #1-D: last line of file ends without a newline
  #endif /* __3140_serial */
src\3140_i2c.h(91): warning:  #1-D: last line of file ends without a newline
  #endif /* __3140_i2c__ */
src\3140_i2c.h(91): warning:  #1-D: last line of file ends without a newline
  #endif /* __3140_i2c__ */
src\3140_accel.h(62): warning:  #1-D: last line of file ends without a newline
  #endif /* __3140_accel__ */
src\3140_accel.c: 4 warnings, 0 errors
compiling process.c...
src\process.c(94): warning:  #1-D: last line of file ends without a newline
  }
src\process.c: 1 warning, 0 errors
assembling startup_MK64F12.s...
compiling pedometer_wSW.c...
src\3140_i2c.h(91): warning:  #1-D: last line of file ends without a newline
  #endif /* __3140_i2c__ */
src\3140_accel.h(62): warning:  #1-D: last line of file ends without a newline
  #endif /* __3140_accel__ */
src\3140_serial.h(24): warning:  #1-D: last line of file ends without a newline
  #endif /* __3140_serial */
src\3140_i2c.h(91): warning:  #1-D: last line of file ends without a newline
  #endif /* __3140_i2c__ */
src\pedometer_parameters.h(25): warning:  #1-D: last line of file ends without a newline
  #endif
src\pedometer_wSW.c(125): warning:  #111-D: statement is unreachable
  	return 0;
src\pedometer_wSW.c(40): warning:  #550-D: variable "clock"  was set but never used
  	int clock;
src\pedometer_wSW.c(61): warning:  #177-D: variable "string"  was declared but never referenced
  	char string[100];
src\pedometer_wSW.c: 8 warnings, 0 errors
compiling system_MK64F12.c...
RTE\Device\MK64FN1M0xxx12\system_MK64F12.c(143): warning:  #2532-D: support for trigraphs is disabled
    /* WDOG->STCTRLH: ??=0,DISTESTWDOG=0,BYTESEL=0,TESTSEL=0,TESTWDOG=0,??=0,??=1,WAITEN=1,STOPEN=1,DBGEN=0,ALLOWUPDATE=1,WINEN=0,IRQRSTEN=0,CLKSRC=1,WDOGEN=0 */
RTE\Device\MK64FN1M0xxx12\system_MK64F12.c: 1 warning, 0 errors
compiling fsl_clock.c...
compiling fsl_gpio.c...
compiling fsl_common.c...
compiling fsl_i2c.c...
linking...
Program Size: Code=10320 RO-data=1636 RW-data=64 ZI-data=67112  
".\Objects\i2c.axf" - 0 Error(s), 17 Warning(s).

<h2>Software Packages used:</h2>

Package Vendor: ARM
                http://www.keil.com/pack/ARM.CMSIS.5.6.0.pack
                ARM.CMSIS.5.6.0
                CMSIS (Cortex Microcontroller Software Interface Standard)
   * Component: I2C Version: 2.3.0
   * Component: Custom Version: 2.3.0
   * Component: CORE Version: 5.3.0

Package Vendor: NXP
                http://mcuxpresso.nxp.com/cmsis_pack/repo/NXP.MK64F12_DFP.12.1.0.pack
                NXP.MK64F12_DFP.12.1.0
                Device Family Pack for MK64F12
   * Component: MK64F12_header Version: 1.0.0
   * Component: clock Version: 2.5.1
   * Component: common Version: 2.2.2
   * Component: gpio Version: 2.4.1
   * Component: i2c Version: 2.0.8
   * Component: port Version: 2.1.0

Package Vendor: Keil
                http://www.keil.com/pack/Keil.Kinetis_K60_DFP.1.5.0.pack
                Keil.Kinetis_K60_DFP.1.5.0
                NXP Kinetis K60 Series Device Support and Examples
   * Component: Startup Version: 1.0.0

<h2>Collection of Component include folders:</h2>
  .\RTE\_Target_1
  C:\Users\kirst\AppData\Local\Arm\Packs\ARM\CMSIS\5.6.0\CMSIS\Core\Include
  C:\Users\kirst\AppData\Local\Arm\Packs\ARM\CMSIS\5.6.0\CMSIS\Driver\Include
  C:\Users\kirst\AppData\Local\Arm\Packs\Keil\Kinetis_K60_DFP\1.5.0\Device\Include
  C:\Users\kirst\AppData\Local\Arm\Packs\NXP\MK64F12_DFP\12.1.0
  C:\Users\kirst\AppData\Local\Arm\Packs\NXP\MK64F12_DFP\12.1.0\drivers

<h2>Collection of Component Files used:</h2>

   * Component: ::CMSIS Driver:I2C:2.3.0 (API)
      Include file:  CMSIS\Driver\Include\Driver_I2C.h

   * Component: ARM::CMSIS Driver:I2C:Custom:2.3.0
      Include file:  CMSIS\Driver\Include\Driver_I2C.h
      Source file:   CMSIS\Driver\DriverTemplates\Driver_I2C.c

   * Component: ARM::CMSIS:CORE:5.3.0

   * Component: Keil::Device:Startup:1.0.0
      Source file:   Device\Source\ARM\startup_MK64F12.s
      Source file:   Device\Source\system_MK64F12.c

   * Component: NXP::Device:CMSIS:MK64F12_header:1.0.0
      Include file:  fsl_device_registers.h
      Include file:  MK64F12_features.h
      Include file:  MK64F12.h

   * Component: NXP::Device:SDK Drivers:clock:2.5.1
      Include file:  drivers\fsl_clock.h
      Source file:   drivers\fsl_clock.c

   * Component: NXP::Device:SDK Drivers:common:2.2.2
      Source file:   drivers\fsl_common.c
      Include file:  drivers\fsl_common.h

   * Component: NXP::Device:SDK Drivers:gpio:2.4.1
      Source file:   drivers\fsl_gpio.c
      Include file:  drivers\fsl_gpio.h

   * Component: NXP::Device:SDK Drivers:i2c:2.0.8
      Source file:   drivers\fsl_i2c.c
      Include file:  drivers\fsl_i2c.h

   * Component: NXP::Device:SDK Drivers:port:2.1.0
      Include file:  drivers\fsl_port.h
Build Time Elapsed:  00:00:14
</pre>
</body>
</html>
