Component: ARM Compiler 5.06 update 6 (build 750) Tool: armlink [4d35ed]

==============================================================================

Section Cross References

    3140_accel.o(i.ACCEL_ReadWhoAmI) refers to rt_memclr_w.o(.text) for __aeabi_memclr4
    3140_accel.o(i.ACCEL_ReadWhoAmI) refers to fsl_i2c.o(i.I2C_MasterTransferNonBlocking) for I2C_MasterTransferNonBlocking
    3140_accel.o(i.ACCEL_ReadWhoAmI) refers to 3140_i2c.o(.bss) for g_m_handle
    3140_accel.o(i.ACCEL_ReadWhoAmI) refers to 3140_i2c.o(.data) for nakFlag
    3140_accel.o(i.ACCEL_getAccelDat) refers to 3140_i2c.o(i.I2C_ReadRegs) for I2C_ReadRegs
    3140_accel.o(i.ACCEL_getDefaultConfig) refers to 3140_accel.o(i.ACCEL_ReadWhoAmI) for ACCEL_ReadWhoAmI
    3140_accel.o(i.ACCEL_getDefaultConfig) refers to 3140_i2c.o(i.I2C_WriteReg) for I2C_WriteReg
    3140_i2c.o(i.I2C_Init) refers to fsl_i2c.o(i.I2C_MasterTransferCreateHandle) for I2C_MasterTransferCreateHandle
    3140_i2c.o(i.I2C_Init) refers to fsl_i2c.o(i.I2C_MasterGetDefaultConfig) for I2C_MasterGetDefaultConfig
    3140_i2c.o(i.I2C_Init) refers to fsl_i2c.o(i.I2C_MasterInit) for I2C_MasterInit
    3140_i2c.o(i.I2C_Init) refers to 3140_i2c.o(i.i2c_master_callback) for i2c_master_callback
    3140_i2c.o(i.I2C_Init) refers to 3140_i2c.o(.bss) for g_m_handle
    3140_i2c.o(i.I2C_ReadRegs) refers to rt_memclr_w.o(.text) for __aeabi_memclr4
    3140_i2c.o(i.I2C_ReadRegs) refers to fsl_i2c.o(i.I2C_MasterTransferNonBlocking) for I2C_MasterTransferNonBlocking
    3140_i2c.o(i.I2C_ReadRegs) refers to 3140_i2c.o(.bss) for g_m_handle
    3140_i2c.o(i.I2C_ReadRegs) refers to 3140_i2c.o(.data) for nakFlag
    3140_i2c.o(i.I2C_ReleaseBus) refers to 3140_i2c.o(i.PORT_SetPinConfig) for PORT_SetPinConfig
    3140_i2c.o(i.I2C_ReleaseBus) refers to fsl_gpio.o(i.GPIO_PinInit) for GPIO_PinInit
    3140_i2c.o(i.I2C_ReleaseBus) refers to 3140_i2c.o(i.GPIO_PinWrite) for GPIO_PinWrite
    3140_i2c.o(i.I2C_ReleaseBus) refers to 3140_i2c.o(i.i2c_release_bus_delay) for i2c_release_bus_delay
    3140_i2c.o(i.I2C_WriteReg) refers to rt_memclr_w.o(.text) for __aeabi_memclr4
    3140_i2c.o(i.I2C_WriteReg) refers to fsl_i2c.o(i.I2C_MasterTransferNonBlocking) for I2C_MasterTransferNonBlocking
    3140_i2c.o(i.I2C_WriteReg) refers to 3140_i2c.o(.bss) for g_m_handle
    3140_i2c.o(i.I2C_WriteReg) refers to 3140_i2c.o(.data) for nakFlag
    3140_i2c.o(i.PORT_SetPinConfig) refers to assert.o(.text) for __aeabi_assert
    3140_i2c.o(i.PORT_SetPinConfig) refers to 3140_i2c.o(.conststring) for .conststring
    3140_i2c.o(i.i2c_master_callback) refers to 3140_i2c.o(.data) for completionFlag
    3140_serial.o(i.uart_init) refers to system_mk64f12.o(.data) for SystemCoreClock
    3140_serial.o(i.uart_putString) refers to 3140_serial.o(i.uart_putChar) for uart_putChar
    3140.o(myProg) refers to process.o(i.process_select) for process_select
    3140.o(myProg) refers to 3140.o(myData) for OrigStackPointer
    3140_concur.o(i.process_stack_free) refers to h1_free.o(.text) for free
    3140_concur.o(i.process_stack_init) refers to h1_alloc.o(.text) for malloc
    3140_concur.o(i.process_stack_init) refers to 3140.o(myProg) for process_terminated
    utils.o(i.LEDBlue_On) refers to utils.o(i.__get_PRIMASK) for __get_PRIMASK
    utils.o(i.LEDBlue_On) refers to utils.o(i.__set_PRIMASK) for __set_PRIMASK
    utils.o(i.LEDGreen_On) refers to utils.o(i.__get_PRIMASK) for __get_PRIMASK
    utils.o(i.LEDGreen_On) refers to utils.o(i.__set_PRIMASK) for __set_PRIMASK
    utils.o(i.LEDRed_On) refers to utils.o(i.__get_PRIMASK) for __get_PRIMASK
    utils.o(i.LEDRed_On) refers to utils.o(i.__set_PRIMASK) for __set_PRIMASK
    utils.o(i.LED_Off) refers to utils.o(i.__get_PRIMASK) for __get_PRIMASK
    utils.o(i.LED_Off) refers to utils.o(i.__set_PRIMASK) for __set_PRIMASK
    process.o(i.pop_front_process) refers to process.o(.data) for process_queue
    process.o(i.process_create) refers to 3140_concur.o(i.process_stack_init) for process_stack_init
    process.o(i.process_create) refers to h1_alloc.o(.text) for malloc
    process.o(i.process_create) refers to 3140_concur.o(i.process_stack_free) for process_stack_free
    process.o(i.process_create) refers to process.o(i.push_tail_process) for push_tail_process
    process.o(i.process_free) refers to 3140_concur.o(i.process_stack_free) for process_stack_free
    process.o(i.process_free) refers to h1_free.o(.text) for free
    process.o(i.process_select) refers to process.o(i.push_tail_process) for push_tail_process
    process.o(i.process_select) refers to process.o(i.process_free) for process_free
    process.o(i.process_select) refers to process.o(i.pop_front_process) for pop_front_process
    process.o(i.process_select) refers to process.o(.data) for current_process
    process.o(i.process_start) refers to 3140.o(myProg) for process_begin
[...]
    ../clib/heapalloc.c                      0x00000000   Number         0  maybetermalloc2.o ABSOLUTE
    ../clib/heapalloc.c                      0x00000000   Number         0  malloc.o ABSOLUTE
    ../clib/heapalloc.c                      0x00000000   Number         0  heapstubs.o ABSOLUTE
    ../clib/heapalloc.c                      0x00000000   Number         0  init_alloc.o ABSOLUTE
    ../clib/heapalloc.c                      0x00000000   Number         0  maybetermalloc2.o ABSOLUTE
    ../clib/heapalloc.c                      0x00000000   Number         0  hguard.o ABSOLUTE
    ../clib/heapalloc.c                      0x00000000   Number         0  term_alloc.o ABSOLUTE
    ../clib/heapaux.c                        0x00000000   Number         0  heapauxi.o ABSOLUTE
    ../clib/heapaux.c                        0x00000000   Number         0  heapauxa.o ABSOLUTE
    ../clib/libinit.s                        0x00000000   Number         0  libshutdown.o ABSOLUTE
    ../clib/libinit.s                        0x00000000   Number         0  libinit.o ABSOLUTE
    ../clib/libinit.s                        0x00000000   Number         0  libinit2.o ABSOLUTE
    ../clib/libinit.s                        0x00000000   Number         0  libshutdown2.o ABSOLUTE
    ../clib/locale.s                         0x00000000   Number         0  lc_numeric_c.o ABSOLUTE
    ../clib/longlong.s                       0x00000000   Number         0  lludiv10.o ABSOLUTE
    ../clib/longlong.s                       0x00000000   Number         0  lludivv7m.o ABSOLUTE
    ../clib/memcpset.s                       0x00000000   Number         0  strcmpv7m.o ABSOLUTE
    ../clib/memcpset.s                       0x00000000   Number         0  rt_memcpy_w.o ABSOLUTE
    ../clib/memcpset.s                       0x00000000   Number         0  rt_memclr_w.o ABSOLUTE
    ../clib/printf.c                         0x00000000   Number         0  __2sprintf.o ABSOLUTE
    ../clib/printf.c                         0x00000000   Number         0  noretval__2sprintf.o ABSOLUTE
    ../clib/printf.c                         0x00000000   Number         0  __printf_nopercent.o ABSOLUTE
    ../clib/printf.c                         0x00000000   Number         0  _printf_fp_infnan.o ABSOLUTE
    ../clib/printf.c                         0x00000000   Number         0  _printf_dec.o ABSOLUTE
    ../clib/printf.c                         0x00000000   Number         0  _sputc.o ABSOLUTE
    ../clib/printf.c                         0x00000000   Number         0  __printf_flags_ss_wp.o ABSOLUTE
    ../clib/printf.c                         0x00000000   Number         0  __printf_flags.o ABSOLUTE
    ../clib/printf.c                         0x00000000   Number         0  __printf.o ABSOLUTE
    ../clib/printf.c                         0x00000000   Number         0  __printf_flags_ss.o ABSOLUTE
    ../clib/printf.c                         0x00000000   Number         0  __printf_wp.o ABSOLUTE
    ../clib/printf.c                         0x00000000   Number         0  __printf_flags_wp.o ABSOLUTE
    ../clib/printf.c                         0x00000000   Number         0  __printf_ss_wp.o ABSOLUTE
    ../clib/printf.c                         0x00000000   Number         0  __printf_ss.o ABSOLUTE
    ../clib/printf.c                         0x00000000   Number         0  _printf_char_common.o ABSOLUTE
    ../clib/printf.c                         0x00000000   Number         0  _printf_fp_dec.o ABSOLUTE
    ../clib/printf.c                         0x00000000   Number         0  _printf_intcommon.o ABSOLUTE
    ../clib/printf_percent.s                 0x00000000   Number         0  _printf_f.o ABSOLUTE
    ../clib/printf_percent.s                 0x00000000   Number         0  _printf_d.o ABSOLUTE
    ../clib/printf_percent.s                 0x00000000   Number         0  _printf_percent.o ABSOLUTE
    ../clib/printf_percent.s                 0x00000000   Number         0  _printf_percent_end.o ABSOLUTE
    ../clib/signal.c                         0x00000000   Number         0  defsig_rtmem_formal.o ABSOLUTE
    ../clib/signal.c                         0x00000000   Number         0  defsig_abrt_formal.o ABSOLUTE
    ../clib/signal.c                         0x00000000   Number         0  defsig_fpe_formal.o ABSOLUTE
    ../clib/signal.c                         0x00000000   Number         0  defsig_rtmem_outer.o ABSOLUTE
    ../clib/signal.c                         0x00000000   Number         0  defsig_exit.o ABSOLUTE
    ../clib/signal.c                         0x00000000   Number         0  defsig_abrt_inner.o ABSOLUTE
    ../clib/signal.c                         0x00000000   Number         0  defsig_fpe_outer.o ABSOLUTE
    ../clib/signal.c                         0x00000000   Number         0  defsig_rtmem_inner.o ABSOLUTE
    ../clib/signal.c                         0x00000000   Number         0  defsig_general.o ABSOLUTE
    ../clib/signal.c                         0x00000000   Number         0  defsig_fpe_inner.o ABSOLUTE
    ../clib/signal.c                         0x00000000   Number         0  defsig_rtred_inner.o ABSOLUTE
    ../clib/signal.c                         0x00000000   Number         0  defsig_stak_inner.o ABSOLUTE
    ../clib/signal.c                         0x00000000   Number         0  defsig_pvfn_inner.o ABSOLUTE
    ../clib/signal.c                         0x00000000   Number         0  defsig_cppl_inner.o ABSOLUTE
    ../clib/signal.c                         0x00000000   Number         0  defsig_other.o ABSOLUTE
    ../clib/signal.c                         0x00000000   Number         0  defsig_segv_inner.o ABSOLUTE
    ../clib/signal.c                         0x00000000   Number         0  __raise.o ABSOLUTE
    ../clib/signal.c                         0x00000000   Number         0  defsig_abrt_outer.o ABSOLUTE
    ../clib/signal.s                         0x00000000   Number         0  defsig.o ABSOLUTE
    ../clib/stdlib.c                         0x00000000   Number         0  exit.o ABSOLUTE
    ../clib/stdlib.c                         0x00000000   Number         0  abort.o ABSOLUTE
    ../fplib/dretinf.s                       0x00000000   Number         0  dretinf.o ABSOLUTE
    ../fplib/f2d.s                           0x00000000   Number         0  f2d.o ABSOLUTE
    ../fplib/fcmpi.s                         0x00000000   Number         0  fcmpi.o ABSOLUTE
    ../fplib/fflt.s                          0x00000000   Number         0  fflt_clz.o ABSOLUTE
    ../fplib/fleqf.s                         0x00000000   Number         0  fleqf.o ABSOLUTE
    ../fplib/fnaninf.s                       0x00000000   Number         0  fnaninf.o ABSOLUTE
    ../fplib/fpinit.s                        0x00000000   Number         0  fpinit.o ABSOLUTE
    ../fplib/frleqf.s                        0x00000000   Number         0  frleqf.o ABSOLUTE
    ../fplib/istatus.s                       0x00000000   Number         0  istatus.o ABSOLUTE
    ../fplib/printf1.s                       0x00000000   Number         0  printf1.o ABSOLUTE
    ../fplib/usenofp.s                       0x00000000   Number         0  usenofp.o ABSOLUTE
    ../mathlib/fpclassify.c                  0x00000000   Number         0  fpclassify.o ABSOLUTE
    C:\Users\kirst\AppData\Local\Arm\Packs\NXP\MK64F12_DFP\12.1.0\drivers\fsl_clock.c 0x00000000   Number         0  fsl_clock.o ABSOLUTE
    C:\Users\kirst\AppData\Local\Arm\Packs\NXP\MK64F12_DFP\12.1.0\drivers\fsl_common.c 0x00000000   Number         0  fsl_common.o ABSOLUTE
    C:\Users\kirst\AppData\Local\Arm\Packs\NXP\MK64F12_DFP\12.1.0\drivers\fsl_gpio.c 0x00000000   Number         0  fsl_gpio.o ABSOLUTE
    C:\Users\kirst\AppData\Local\Arm\Packs\NXP\MK64F12_DFP\12.1.0\drivers\fsl_i2c.c 0x00000000   Number         0  fsl_i2c.o ABSOLUTE
    C:\\Users\\kirst\\AppData\\Local\\Arm\\Packs\\NXP\\MK64F12_DFP\\12.1.0\\drivers\\fsl_clock.c 0x00000000   Number         0  fsl_clock.o ABSOLUTE
    C:\\Users\\kirst\\AppData\\Local\\Arm\\Packs\\NXP\\MK64F12_DFP\\12.1.0\\drivers\\fsl_common.c 0x00000000   Number         0  fsl_common.o ABSOLUTE
    C:\\Users\\kirst\\AppData\\Local\\Arm\\Packs\\NXP\\MK64F12_DFP\\12.1.0\\drivers\\fsl_gpio.c 0x00000000   Number         0  fsl_gpio.o ABSOLUTE
    C:\\Users\\kirst\\AppData\\Local\\Arm\\Packs\\NXP\\MK64F12_DFP\\12.1.0\\drivers\\fsl_i2c.c 0x00000000   Number         0  fsl_i2c.o ABSOLUTE
    RTE\Device\MK64FN1M0xxx12\startup_MK64F12.s 0x00000000   Number         0  startup_mk64f12.o ABSOLUTE
    RTE\Device\MK64FN1M0xxx12\system_MK64F12.c 0x00000000   Number         0  system_mk64f12.o ABSOLUTE
    RTE\\Device\\MK64FN1M0xxx12\\system_MK64F12.c 0x00000000   Number         0  system_mk64f12.o ABSOLUTE
    dc.s                                     0x00000000   Number         0  dc.o ABSOLUTE
    src\3140.s                               0x00000000   Number         0  3140.o ABSOLUTE
    src\3140_accel.c                         0x00000000   Number         0  3140_accel.o ABSOLUTE
    src\3140_concur.c                        0x00000000   Number         0  3140_concur.o ABSOLUTE
    src\3140_i2c.c                           0x00000000   Number         0  3140_i2c.o ABSOLUTE
    src\3140_serial.c                        0x00000000   Number         0  3140_serial.o ABSOLUTE
    src\\3140_accel.c                        0x00000000   Number         0  3140_accel.o ABSOLUTE
    src\\3140_concur.c                       0x00000000   Number         0  3140_concur.o ABSOLUTE
    src\\3140_i2c.c                          0x00000000   Number         0  3140_i2c.o ABSOLUTE
    src\\3140_serial.c                       0x00000000   Number         0  3140_serial.o ABSOLUTE
    src\\pedometer_wSW.c                     0x00000000   Number         0  pedometer_wsw.o ABSOLUTE
    src\\process.c                           0x00000000   Number         0  process.o ABSOLUTE
    src\\utils.c                             0x00000000   Number         0  utils.o ABSOLUTE
    src\pedometer_wSW.c                      0x00000000   Number         0  pedometer_wsw.o ABSOLUTE
    src\process.c                            0x00000000   Number         0  process.o ABSOLUTE
    src\utils.c                              0x00000000   Number         0  utils.o ABSOLUTE
    .ARM.__at_0x400                          0x00000400   Section       16  startup_mk64f12.o(.ARM.__at_0x400)
    !!!main                                  0x00000410   Section        8  __main.o(!!!main)
    !!!scatter                               0x00000418   Section       52  __scatter.o(!!!scatter)
    !!handler_copy                           0x0000044c   Section       26  __scatter_copy.o(!!handler_copy)
    !!handler_zi                             0x00000468   Section       28  __scatter_zi.o(!!handler_zi)
    .ARM.Collect$$_printf_percent$$00000000  0x00000484   Section        0  _printf_percent.o(.ARM.Collect$$_printf_percent$$00000000)
    .ARM.Collect$$_printf_percent$$00000003  0x00000484   Section        6  _printf_f.o(.ARM.Collect$$_printf_percent$$00000003)
    .ARM.Collect$$_printf_percent$$00000009  0x0000048a   Section        6  _printf_d.o(.ARM.Collect$$_printf_percent$$00000009)
    .ARM.Collect$$_printf_percent$$00000017  0x00000490   Section        4  _printf_percent_end.o(.ARM.Collect$$_printf_percent$$00000017)
    .ARM.Collect$$libinit$$00000000          0x00000494   Section        2  libinit.o(.ARM.Collect$$libinit$$00000000)
    .ARM.Collect$$libinit$$00000002          0x00000496   Section        0  libinit2.o(.ARM.Collect$$libinit$$00000002)
    .ARM.Collect$$libinit$$00000004          0x00000496   Section        0  libinit2.o(.ARM.Collect$$libinit$$00000004)
    .ARM.Collect$$libinit$$0000000A          0x00000496   Section        0  libinit2.o(.ARM.Collect$$libinit$$0000000A)
    .ARM.Collect$$libinit$$0000000C          0x00000496   Section        0  libinit2.o(.ARM.Collect$$libinit$$0000000C)
    .ARM.Collect$$libinit$$0000000E          0x00000496   Section        0  libinit2.o(.ARM.Collect$$libinit$$0000000E)
    .ARM.Collect$$libinit$$0000000F          0x00000496   Section        6  libinit2.o(.ARM.Collect$$libinit$$0000000F)
    .ARM.Collect$$libinit$$00000011          0x0000049c   Section        0  libinit2.o(.ARM.Collect$$libinit$$00000011)
    .ARM.Collect$$libinit$$00000013          0x0000049c   Section        0  libinit2.o(.ARM.Collect$$libinit$$00000013)
    .ARM.Collect$$libinit$$00000015          0x0000049c   Section        0  libinit2.o(.ARM.Collect$$libinit$$00000015)
    .ARM.Collect$$libinit$$00000016          0x0000049c   Section       10  libinit2.o(.ARM.Collect$$libinit$$00000016)
    .ARM.Collect$$libinit$$00000017          0x000004a6   Section        0  libinit2.o(.ARM.Collect$$libinit$$00000017)
    .ARM.Collect$$libinit$$00000019          0x000004a6   Section        0  libinit2.o(.ARM.Collect$$libinit$$00000019)
    .ARM.Collect$$libinit$$0000001B          0x000004a6   Section        0  libinit2.o(.ARM.Collect$$libinit$$0000001B)
    .ARM.Collect$$libinit$$0000001D          0x000004a6   Section        0  libinit2.o(.ARM.Collect$$libinit$$0000001D)
    .ARM.Collect$$libinit$$0000001F          0x000004a6   Section        0  libinit2.o(.ARM.Collect$$libinit$$0000001F)
    .ARM.Collect$$libinit$$00000021          0x000004a6   Section        0  libinit2.o(.ARM.Collect$$libinit$$00000021)
    .ARM.Collect$$libinit$$00000023          0x000004a6   Section        0  libinit2.o(.ARM.Collect$$libinit$$00000023)
    .ARM.Collect$$libinit$$00000025          0x000004a6   Section        0  libinit2.o(.ARM.Collect$$libinit$$00000025)
    .ARM.Collect$$libinit$$0000002C          0x000004a6   Section        0  libinit2.o(.ARM.Collect$$libinit$$0000002C)
    .ARM.Collect$$libinit$$0000002E          0x000004a6   Section        0  libinit2.o(.ARM.Collect$$libinit$$0000002E)
    .ARM.Collect$$libinit$$00000030          0x000004a6   Section        0  libinit2.o(.ARM.Collect$$libinit$$00000030)
    .ARM.Collect$$libinit$$00000032          0x000004a6   Section        0  libinit2.o(.ARM.Collect$$libinit$$00000032)
    .ARM.Collect$$libinit$$00000033          0x000004a6   Section        2  libinit2.o(.ARM.Collect$$libinit$$00000033)
    .ARM.Collect$$libshutdown$$00000000      0x000004a8   Section        2  libshutdown.o(.ARM.Collect$$libshutdown$$00000000)
    .ARM.Collect$$libshutdown$$00000002      0x000004aa   Section        0  libshutdown2.o(.ARM.Collect$$libshutdown$$00000002)
    .ARM.Collect$$libshutdown$$00000004      0x000004aa   Section        0  libshutdown2.o(.ARM.Collect$$libshutdown$$00000004)
    .ARM.Collect$$libshutdown$$00000007      0x000004aa   Section        0  libshutdown2.o(.ARM.Collect$$libshutdown$$00000007)
    .ARM.Collect$$libshutdown$$0000000A      0x000004aa   Section        0  libshutdown2.o(.ARM.Collect$$libshutdown$$0000000A)
    .ARM.Collect$$libshutdown$$0000000C      0x000004aa   Section        0  libshutdown2.o(.ARM.Collect$$libshutdown$$0000000C)
    .ARM.Collect$$libshutdown$$0000000F      0x000004aa   Section        0  libshutdown2.o(.ARM.Collect$$libshutdown$$0000000F)
    .ARM.Collect$$libshutdown$$00000010      0x000004aa   Section        2  libshutdown2.o(.ARM.Collect$$libshutdown$$00000010)
    .ARM.Collect$$rtentry$$00000000          0x000004ac   Section        0  __rtentry.o(.ARM.Collect$$rtentry$$00000000)
    .ARM.Collect$$rtentry$$00000002          0x000004ac   Section        0  __rtentry2.o(.ARM.Collect$$rtentry$$00000002)
    .ARM.Collect$$rtentry$$00000004          0x000004ac   Section        6  __rtentry4.o(.ARM.Collect$$rtentry$$00000004)
    .ARM.Collect$$rtentry$$00000009          0x000004b2   Section        0  __rtentry2.o(.ARM.Collect$$rtentry$$00000009)
    .ARM.Collect$$rtentry$$0000000A          0x000004b2   Section        4  __rtentry2.o(.ARM.Collect$$rtentry$$0000000A)
    .ARM.Collect$$rtentry$$0000000C          0x000004b6   Section        0  __rtentry2.o(.ARM.Collect$$rtentry$$0000000C)
    .ARM.Collect$$rtentry$$0000000D          0x000004b6   Section        8  __rtentry2.o(.ARM.Collect$$rtentry$$0000000D)
    .ARM.Collect$$rtexit$$00000000           0x000004be   Section        2  rtexit.o(.ARM.Collect$$rtexit$$00000000)
    .ARM.Collect$$rtexit$$00000002           0x000004c0   Section        0  rtexit2.o(.ARM.Collect$$rtexit$$00000002)
    .ARM.Collect$$rtexit$$00000003           0x000004c0   Section        4  rtexit2.o(.ARM.Collect$$rtexit$$00000003)
    .ARM.Collect$$rtexit$$00000004           0x000004c4   Section        6  rtexit2.o(.ARM.Collect$$rtexit$$00000004)
    .text                                    0x000004cc   Section       76  startup_mk64f12.o(.text)
    .text                                    0x00000518   Section        0  h1_free.o(.text)
    .text                                    0x00000568   Section        0  noretval__2sprintf.o(.text)
    .text                                    0x00000590   Section        0  __printf.o(.text)
    .text                                    0x000005f8   Section        0  _printf_dec.o(.text)
    .text                                    0x00000670   Section        0  assert.o(.text)
    .text                                    0x000006f0   Section       78  rt_memclr_w.o(.text)
    .text                                    0x0000073e   Section        0  heapauxi.o(.text)
    .text                                    0x00000744   Section        8  rt_heap_descriptor_intlibspace.o(.text)
    .text                                    0x0000074c   Section        0  _printf_intcommon.o(.text)
    .text                                    0x000007fe   Section        0  _printf_fp_dec.o(.text)
    _fp_digits                               0x00000801   Thumb Code   432  _printf_fp_dec.o(.text)
    .text                                    0x00000c1c   Section        0  _printf_char_common.o(.text)
    _printf_input_char                       0x00000c1d   Thumb Code    10  _printf_char_common.o(.text)
    .text                                    0x00000c4c   Section        0  _sputc.o(.text)
    .text                                    0x00000c56   Section        0  abort.o(.text)
    .text                                    0x00000c6c   Section        0  assert_puts.o(.text)
    .text                                    0x00000c80   Section        0  sys_wrch.o(.text)
    .text                                    0x00000c90   Section        0  sys_exit.o(.text)
    .text                                    0x00000c9c   Section        8  libspace.o(.text)
    .text                                    0x00000ca4   Section        8  rt_locale_intlibspace.o(.text)
    .text                                    0x00000cac   Section      138  lludiv10.o(.text)
    .text                                    0x00000d38   Section        0  _printf_fp_infnan.o(.text)
    .text                                    0x00000db8   Section        0  bigflt0.o(.text)
    .text                                    0x00000e9c   Section        0  defsig_abrt_outer.o(.text)
    .text                                    0x00000eaa   Section        2  use_no_semi.o(.text)
    .text                                    0x00000eac   Section        0  indicate_semi.o(.text)
    .text                                    0x00000eac   Section       74  sys_stackheap_outer.o(.text)
    .text                                    0x00000ef6   Section        0  exit.o(.text)
    .text                                    0x00000f08   Section        0  defsig_exit.o(.text)
    .text                                    0x00000f14   Section        0  defsig_abrt_inner.o(.text)
    .text                                    0x00000f44   Section      128  strcmpv7m.o(.text)
    .text                                    0x00000fc4   Section        0  defsig_general.o(.text)
    CL$$btod_d2e                             0x00000ff6   Section       62  btod.o(CL$$btod_d2e)
    CL$$btod_d2e_denorm_low                  0x00001034   Section       70  btod.o(CL$$btod_d2e_denorm_low)
    CL$$btod_d2e_norm_op1                    0x0000107a   Section       96  btod.o(CL$$btod_d2e_norm_op1)
    CL$$btod_div_common                      0x000010da   Section      824  btod.o(CL$$btod_div_common)
    CL$$btod_e2e                             0x00001412   Section      220  btod.o(CL$$btod_e2e)
    CL$$btod_ediv                            0x000014ee   Section       42  btod.o(CL$$btod_ediv)
    CL$$btod_emul                            0x00001518   Section       42  btod.o(CL$$btod_emul)
    CL$$btod_mult_common                     0x00001542   Section      580  btod.o(CL$$btod_mult_common)
    i.ACCEL_ReadWhoAmI                       0x00001788   Section        0  3140_accel.o(i.ACCEL_ReadWhoAmI)
    i.ACCEL_getAccelDat                      0x0000185c   Section        0  3140_accel.o(i.ACCEL_getAccelDat)
    i.ACCEL_getDefaultConfig                 0x000018ac   Section        0  3140_accel.o(i.ACCEL_getDefaultConfig)
    i.CLOCK_EnableClock                      0x000018fc   Section        0  fsl_i2c.o(i.CLOCK_EnableClock)
    CLOCK_EnableClock                        0x000018fd   Thumb Code    18  fsl_i2c.o(i.CLOCK_EnableClock)
    i.EnableIRQ                              0x00001914   Section        0  fsl_i2c.o(i.EnableIRQ)
    EnableIRQ                                0x00001915   Thumb Code    52  fsl_i2c.o(i.EnableIRQ)
    i.GPIO_PinInit                           0x00001948   Section        0  fsl_gpio.o(i.GPIO_PinInit)
    i.GPIO_PinWrite                          0x000019ac   Section        0  3140_i2c.o(i.GPIO_PinWrite)
    GPIO_PinWrite                            0x000019ad   Thumb Code    22  3140_i2c.o(i.GPIO_PinWrite)
    i.I2C0_DriverIRQHandler                  0x000019c4   Section        0  fsl_i2c.o(i.I2C0_DriverIRQHandler)
    i.I2C_CheckAndClearError                 0x000019dc   Section        0  fsl_i2c.o(i.I2C_CheckAndClearError)
    I2C_CheckAndClearError                   0x000019dd   Thumb Code    32  fsl_i2c.o(i.I2C_CheckAndClearError)
    i.I2C_DisableInterrupts                  0x000019fc   Section        0  fsl_i2c.o(i.I2C_DisableInterrupts)
    i.I2C_EnableInterrupts                   0x00001a1a   Section        0  fsl_i2c.o(i.I2C_EnableInterrupts)
    i.I2C_GetInstance                        0x00001a3c   Section        0  fsl_i2c.o(i.I2C_GetInstance)
    i.I2C_Init                               0x00001a98   Section        0  3140_i2c.o(i.I2C_Init)
    i.I2C_InitTransferStateMachine           0x00001b0c   Section        0  fsl_i2c.o(i.I2C_InitTransferStateMachine)
    I2C_InitTransferStateMachine             0x00001b0d   Thumb Code   154  fsl_i2c.o(i.I2C_InitTransferStateMachine)
    i.I2C_MasterClearStatusFlags             0x00001ba6   Section        0  fsl_i2c.o(i.I2C_MasterClearStatusFlags)
    I2C_MasterClearStatusFlags               0x00001ba7   Thumb Code    44  fsl_i2c.o(i.I2C_MasterClearStatusFlags)
    i.I2C_MasterGetDefaultConfig             0x00001bd4   Section        0  fsl_i2c.o(i.I2C_MasterGetDefaultConfig)
    i.I2C_MasterGetStatusFlags               0x00001c20   Section        0  fsl_i2c.o(i.I2C_MasterGetStatusFlags)
    i.I2C_MasterInit                         0x00001c40   Section        0  fsl_i2c.o(i.I2C_MasterInit)
    i.I2C_MasterRepeatedStart                0x00001d10   Section        0  fsl_i2c.o(i.I2C_MasterRepeatedStart)
    i.I2C_MasterSetBaudRate                  0x00001d78   Section        0  fsl_i2c.o(i.I2C_MasterSetBaudRate)
    i.I2C_MasterStart                        0x00001e08   Section        0  fsl_i2c.o(i.I2C_MasterStart)
    i.I2C_MasterStop                         0x00001e42   Section        0  fsl_i2c.o(i.I2C_MasterStop)
    i.I2C_MasterTransferCreateHandle         0x00001e5c   Section        0  fsl_i2c.o(i.I2C_MasterTransferCreateHandle)
    i.I2C_MasterTransferHandleIRQ            0x00001ec8   Section        0  fsl_i2c.o(i.I2C_MasterTransferHandleIRQ)
    i.I2C_MasterTransferNonBlocking          0x00001f5c   Section        0  fsl_i2c.o(i.I2C_MasterTransferNonBlocking)
    i.I2C_MasterTransferRunStateMachine      0x00001fd4   Section        0  fsl_i2c.o(i.I2C_MasterTransferRunStateMachine)
    I2C_MasterTransferRunStateMachine        0x00001fd5   Thumb Code   396  fsl_i2c.o(i.I2C_MasterTransferRunStateMachine)
    i.I2C_ReadRegs                           0x0000216c   Section        0  3140_i2c.o(i.I2C_ReadRegs)
    i.I2C_ReleaseBus                         0x000021e4   Section        0  3140_i2c.o(i.I2C_ReleaseBus)
    i.I2C_TransferCommonIRQHandler           0x000022e0   Section        0  fsl_i2c.o(i.I2C_TransferCommonIRQHandler)
    I2C_TransferCommonIRQHandler             0x000022e1   Thumb Code    66  fsl_i2c.o(i.I2C_TransferCommonIRQHandler)
    i.I2C_WriteReg                           0x0000232c   Section        0  3140_i2c.o(i.I2C_WriteReg)
    i.LEDBlue_On                             0x000023ac   Section        0  utils.o(i.LEDBlue_On)
    i.LEDGreen_On                            0x000023d8   Section        0  utils.o(i.LEDGreen_On)
    i.LEDRed_On                              0x00002408   Section        0  utils.o(i.LEDRed_On)
    i.LED_Initialize                         0x00002434   Section        0  utils.o(i.LED_Initialize)
    i.LED_Off                                0x0000247c   Section        0  utils.o(i.LED_Off)
    i.PORTA_IRQHandler                       0x000024a8   Section        0  pedometer_wsw.o(i.PORTA_IRQHandler)
    i.PORT_SetPinConfig                      0x000024c0   Section        0  3140_i2c.o(i.PORT_SetPinConfig)
    PORT_SetPinConfig                        0x000024c1   Thumb Code    36  3140_i2c.o(i.PORT_SetPinConfig)
    i.SystemInit                             0x000024f0   Section        0  system_mk64f12.o(i.SystemInit)
    i.__ARM_fpclassify                       0x00002580   Section        0  fpclassify.o(i.__ARM_fpclassify)
    i.__get_PRIMASK                          0x000025a8   Section        0  utils.o(i.__get_PRIMASK)
    __get_PRIMASK                            0x000025a9   Thumb Code     6  utils.o(i.__get_PRIMASK)
    i.__set_PRIMASK                          0x000025ae   Section        0  utils.o(i.__set_PRIMASK)
    __set_PRIMASK                            0x000025af   Thumb Code     6  utils.o(i.__set_PRIMASK)
    i.delay                                  0x000025b4   Section        0  utils.o(i.delay)
    i.i2c_master_callback                    0x000025c8   Section        0  3140_i2c.o(i.i2c_master_callback)
    i.i2c_release_bus_delay                  0x000025f0   Section        0  3140_i2c.o(i.i2c_release_bus_delay)
    i2c_release_bus_delay                    0x000025f1   Thumb Code    16  3140_i2c.o(i.i2c_release_bus_delay)
    i.main                                   0x00002600   Section        0  pedometer_wsw.o(i.main)
    i.pop_front_process                      0x00002814   Section        0  process.o(i.pop_front_process)
    pop_front_process                        0x00002815   Thumb Code    42  process.o(i.pop_front_process)
    i.process_free                           0x00002848   Section        0  process.o(i.process_free)
    process_free                             0x00002849   Thumb Code    20  process.o(i.process_free)
    i.process_select                         0x0000285c   Section        0  process.o(i.process_select)
    i.process_stack_free                     0x000028a0   Section        0  3140_concur.o(i.process_stack_free)
    i.push_tail_process                      0x000028b4   Section        0  process.o(i.push_tail_process)
    push_tail_process                        0x000028b5   Thumb Code    32  process.o(i.push_tail_process)
    i.uart_init                              0x000028dc   Section        0  3140_serial.o(i.uart_init)
    i.uart_putChar                           0x00002970   Section        0  3140_serial.o(i.uart_putChar)
    i.uart_putString                         0x00002988   Section        0  3140_serial.o(i.uart_putString)
    locale$$code                             0x000029a0   Section       44  lc_numeric_c.o(locale$$code)
    myProg                                   0x000029cc   Section      124  3140.o(myProg)
    SVC0_begin                               0x000029e5   Thumb Code     0  3140.o(myProg)
    SVC1_terminate                           0x000029ef   Thumb Code     0  3140.o(myProg)
    x$fpl$dretinf                            0x00002a48   Section       12  dretinf.o(x$fpl$dretinf)
    x$fpl$f2d                                0x00002a54   Section       86  f2d.o(x$fpl$f2d)
    x$fpl$fcmpinf                            0x00002aaa   Section       24  fcmpi.o(x$fpl$fcmpinf)
    x$fpl$fflt                               0x00002ac4   Section       48  fflt_clz.o(x$fpl$fflt)
    x$fpl$fleqf                              0x00002af4   Section      104  fleqf.o(x$fpl$fleqf)
    x$fpl$fnaninf                            0x00002b5c   Section      140  fnaninf.o(x$fpl$fnaninf)
    x$fpl$frleqf                             0x00002be8   Section       98  frleqf.o(x$fpl$frleqf)
    x$fpl$printf1                            0x00002c4a   Section        4  printf1.o(x$fpl$printf1)
    x$fpl$usenofp                            0x00002c4e   Section        0  usenofp.o(x$fpl$usenofp)
    .constdata                               0x00002c50   Section      156  fsl_i2c.o(.constdata)
    s_i2cDividerTable                        0x00002c50   Data         128  fsl_i2c.o(.constdata)
    s_i2cIrqs                                0x00002cd0   Data           3  fsl_i2c.o(.constdata)
    s_i2cClocks                              0x00002cd4   Data          12  fsl_i2c.o(.constdata)
    s_i2cBases                               0x00002ce0   Data          12  fsl_i2c.o(.constdata)
    .constdata                               0x00002cec   Section      148  bigflt0.o(.constdata)
    tenpwrs_x                                0x00002cec   Data          60  bigflt0.o(.constdata)
    tenpwrs_i                                0x00002d28   Data          64  bigflt0.o(.constdata)
    .conststring                             0x00002d80   Section       81  3140_i2c.o(.conststring)
    .conststring                             0x00002dd4   Section       81  fsl_gpio.o(.conststring)
    .conststring                             0x00002e28   Section       80  fsl_i2c.o(.conststring)
    locale$$data                             0x00002e98   Section       28  lc_numeric_c.o(locale$$data)
    __lcnum_c_name                           0x00002e9c   Data           2  lc_numeric_c.o(locale$$data)
    __lcnum_c_start                          0x00002ea4   Data           0  lc_numeric_c.o(locale$$data)
    __lcnum_c_point                          0x00002eb0   Data           0  lc_numeric_c.o(locale$$data)
    __lcnum_c_thousands                      0x00002eb2   Data           0  lc_numeric_c.o(locale$$data)
    __lcnum_c_grouping                       0x00002eb3   Data           0  lc_numeric_c.o(locale$$data)
    __lcnum_c_end                            0x00002eb4   Data           0  lc_numeric_c.o(locale$$data)
    .data                                    0x20000000   Section        2  3140_i2c.o(.data)
    .data                                    0x20000004   Section       12  process.o(.data)
    .data                                    0x20000010   Section       32  pedometer_wsw.o(.data)
    .data                                    0x20000030   Section        8  fsl_i2c.o(.data)
    s_i2cMasterIsr                           0x20000030   Data           4  fsl_i2c.o(.data)
    s_i2cSlaveIsr                            0x20000034   Data           4  fsl_i2c.o(.data)
    .data                                    0x20000038   Section        4  system_mk64f12.o(.data)
    myData                                   0x2000003c   Section        4  3140.o(myData)
    OrigStackPointer                         0x2000003c   Data           4  3140.o(myData)
    .bss                                     0x20000040   Section       40  3140_i2c.o(.bss)
    .bss                                     0x20000068   Section      400  pedometer_wsw.o(.bss)
    frontCount                               0x20000068   Data         100  pedometer_wsw.o(.bss)
    backCount                                0x200000cc   Data         100  pedometer_wsw.o(.bss)
    totalCount                               0x20000130   Data         100  pedometer_wsw.o(.bss)
    yMeas                                    0x20000194   Data         100  pedometer_wsw.o(.bss)
    .bss                                     0x200001f8   Section       12  fsl_i2c.o(.bss)
    s_i2cHandle                              0x200001f8   Data          12  fsl_i2c.o(.bss)
    .bss                                     0x20000204   Section       96  libspace.o(.bss)
    HEAP                                     0x20000268   Section    65536  startup_mk64f12.o(HEAP)
    Heap_Mem                                 0x20000268   Data       65536  startup_mk64f12.o(HEAP)
    STACK                                    0x20010268   Section     1024  startup_mk64f12.o(STACK)
    Stack_Mem                                0x20010268   Data        1024  startup_mk64f12.o(STACK)
    __initial_sp                             0x20010668   Data           0  startup_mk64f12.o(STACK)

    Global Symbols

    Symbol Name                              Value     Ov Type        Size  Object(Section)

    BuildAttributes$$THM_ISAv4$E$P$D$K$B$S$7EM$PE$A:L22UL41UL21$X:L11$S22US41US21$IEEE1$IW$USESV6$~STKCKD$USESV7$~SHL$OTIME$ROPI$IEEEJ$EBA8$UX$STANDARDLIB$REQ8$PRES8$EABIv2 0x00000000   Number         0  anon$$obj.o ABSOLUTE
    __ARM_use_no_argv                        0x00000000   Number         0  pedometer_wsw.o ABSOLUTE
    __Vectors                                0x00000000   Data           4  startup_mk64f12.o(RESET)
    __ARM_exceptions_init                     - Undefined Weak Reference
    __alloca_initialize                       - Undefined Weak Reference
    __arm_preinit_                            - Undefined Weak Reference
    __cpp_initialize__aeabi_                  - Undefined Weak Reference
    __cxa_finalize                            - Undefined Weak Reference
    __sigvec_lookup                           - Undefined Weak Reference
    __user_heap_extent                        - Undefined Weak Reference
    _atexit_init                              - Undefined Weak Reference
    _call_atexit_fns                          - Undefined Weak Reference
    _clock_init                               - Undefined Weak Reference
    _fp_trap_init                             - Undefined Weak Reference
    _fp_trap_shutdown                         - Undefined Weak Reference
    _get_lc_collate                           - Undefined Weak Reference
    _get_lc_ctype                             - Undefined Weak Reference
    _get_lc_monetary                          - Undefined Weak Reference
    _get_lc_time                              - Undefined Weak Reference
    _getenv_init                              - Undefined Weak Reference
    _handle_redirection                       - Undefined Weak Reference
    _initio                                   - Undefined Weak Reference
    _mutex_acquire                            - Undefined Weak Reference
    _mutex_free                               - Undefined Weak Reference
    _mutex_release                            - Undefined Weak Reference
    _printf_post_padding                      - Undefined Weak Reference
    _printf_pre_padding                       - Undefined Weak Reference
    _printf_truncate_signed                   - Undefined Weak Reference
    _printf_truncate_unsigned                 - Undefined Weak Reference
    _rand_init                                - Undefined Weak Reference
    _signal_finish                            - Undefined Weak Reference
    _signal_init                              - Undefined Weak Reference
    _terminateio                              - Undefined Weak Reference
    __Vectors_End                            0x00000400   Data           0  startup_mk64f12.o(RESET)
    __Vectors_Size                           0x00000400   Number         0  startup_mk64f12.o ABSOLUTE
    __main                                   0x00000411   Thumb Code     8  __main.o(!!!main)
    __scatterload                            0x00000419   Thumb Code     0  __scatter.o(!!!scatter)
    __scatterload_rt2                        0x00000419   Thumb Code    44  __scatter.o(!!!scatter)
    __scatterload_rt2_thumb_only             0x00000419   Thumb Code     0  __scatter.o(!!!scatter)
    __scatterload_null                       0x00000427   Thumb Code     0  __scatter.o(!!!scatter)
    __scatterload_copy                       0x0000044d   Thumb Code    26  __scatter_copy.o(!!handler_copy)
    __scatterload_zeroinit                   0x00000469   Thumb Code    28  __scatter_zi.o(!!handler_zi)
    _printf_f                                0x00000485   Thumb Code     0  _printf_f.o(.ARM.Collect$$_printf_percent$$00000003)
    _printf_percent                          0x00000485   Thumb Code     0  _printf_percent.o(.ARM.Collect$$_printf_percent$$00000000)
    _printf_d                                0x0000048b   Thumb Code     0  _printf_d.o(.ARM.Collect$$_printf_percent$$00000009)
    _printf_percent_end                      0x00000491   Thumb Code     0  _printf_percent_end.o(.ARM.Collect$$_printf_percent$$00000017)
    __rt_lib_init                            0x00000495   Thumb Code     0  libinit.o(.ARM.Collect$$libinit$$00000000)
    __rt_lib_init_fp_1                       0x00000497   Thumb Code     0  libinit2.o(.ARM.Collect$$libinit$$00000002)
    __rt_lib_init_heap_1                     0x00000497   Thumb Code     0  libinit2.o(.ARM.Collect$$libinit$$0000000A)
    __rt_lib_init_lc_common                  0x00000497   Thumb Code     0  libinit2.o(.ARM.Collect$$libinit$$0000000F)
    __rt_lib_init_preinit_1                  0x00000497   Thumb Code     0  libinit2.o(.ARM.Collect$$libinit$$00000004)
    __rt_lib_init_rand_1                     0x00000497   Thumb Code     0  libinit2.o(.ARM.Collect$$libinit$$0000000E)
    __rt_lib_init_user_alloc_1               0x00000497   Thumb Code     0  libinit2.o(.ARM.Collect$$libinit$$0000000C)
    __rt_lib_init_lc_collate_1               0x0000049d   Thumb Code     0  libinit2.o(.ARM.Collect$$libinit$$00000011)
    __rt_lib_init_lc_ctype_1                 0x0000049d   Thumb Code     0  libinit2.o(.ARM.Collect$$libinit$$00000013)
    __rt_lib_init_lc_monetary_1              0x0000049d   Thumb Code     0  libinit2.o(.ARM.Collect$$libinit$$00000015)
    __rt_lib_init_lc_numeric_2               0x0000049d   Thumb Code     0  libinit2.o(.ARM.Collect$$libinit$$00000016)
    __rt_lib_init_alloca_1                   0x000004a7   Thumb Code     0  libinit2.o(.ARM.Collect$$libinit$$0000002E)
    __rt_lib_init_argv_1                     0x000004a7   Thumb Code     0  libinit2.o(.ARM.Collect$$libinit$$0000002C)
    __rt_lib_init_atexit_1                   0x000004a7   Thumb Code     0  libinit2.o(.ARM.Collect$$libinit$$0000001B)
    __rt_lib_init_clock_1                    0x000004a7   Thumb Code     0  libinit2.o(.ARM.Collect$$libinit$$00000021)
    __rt_lib_init_cpp_1                      0x000004a7   Thumb Code     0  libinit2.o(.ARM.Collect$$libinit$$00000032)
    __rt_lib_init_exceptions_1               0x000004a7   Thumb Code     0  libinit2.o(.ARM.Collect$$libinit$$00000030)
    __rt_lib_init_fp_trap_1                  0x000004a7   Thumb Code     0  libinit2.o(.ARM.Collect$$libinit$$0000001F)
    __rt_lib_init_getenv_1                   0x000004a7   Thumb Code     0  libinit2.o(.ARM.Collect$$libinit$$00000023)
    __rt_lib_init_lc_numeric_1               0x000004a7   Thumb Code     0  libinit2.o(.ARM.Collect$$libinit$$00000017)
    __rt_lib_init_lc_time_1                  0x000004a7   Thumb Code     0  libinit2.o(.ARM.Collect$$libinit$$00000019)
    __rt_lib_init_return                     0x000004a7   Thumb Code     0  libinit2.o(.ARM.Collect$$libinit$$00000033)
    __rt_lib_init_signal_1                   0x000004a7   Thumb Code     0  libinit2.o(.ARM.Collect$$libinit$$0000001D)
    __rt_lib_init_stdio_1                    0x000004a7   Thumb Code     0  libinit2.o(.ARM.Collect$$libinit$$00000025)
    __rt_lib_shutdown                        0x000004a9   Thumb Code     0  libshutdown.o(.ARM.Collect$$libshutdown$$00000000)
    __rt_lib_shutdown_cpp_1                  0x000004ab   Thumb Code     0  libshutdown2.o(.ARM.Collect$$libshutdown$$00000002)
    __rt_lib_shutdown_fp_trap_1              0x000004ab   Thumb Code     0  libshutdown2.o(.ARM.Collect$$libshutdown$$00000007)
    __rt_lib_shutdown_heap_1                 0x000004ab   Thumb Code     0  libshutdown2.o(.ARM.Collect$$libshutdown$$0000000F)
    __rt_lib_shutdown_return                 0x000004ab   Thumb Code     0  libshutdown2.o(.ARM.Collect$$libshutdown$$00000010)
    __rt_lib_shutdown_signal_1               0x000004ab   Thumb Code     0  libshutdown2.o(.ARM.Collect$$libshutdown$$0000000A)
    __rt_lib_shutdown_stdio_1                0x000004ab   Thumb Code     0  libshutdown2.o(.ARM.Collect$$libshutdown$$00000004)
    __rt_lib_shutdown_user_alloc_1           0x000004ab   Thumb Code     0  libshutdown2.o(.ARM.Collect$$libshutdown$$0000000C)
    __rt_entry                               0x000004ad   Thumb Code     0  __rtentry.o(.ARM.Collect$$rtentry$$00000000)
    __rt_entry_presh_1                       0x000004ad   Thumb Code     0  __rtentry2.o(.ARM.Collect$$rtentry$$00000002)
    __rt_entry_sh                            0x000004ad   Thumb Code     0  __rtentry4.o(.ARM.Collect$$rtentry$$00000004)
    __rt_entry_li                            0x000004b3   Thumb Code     0  __rtentry2.o(.ARM.Collect$$rtentry$$0000000A)
    __rt_entry_postsh_1                      0x000004b3   Thumb Code     0  __rtentry2.o(.ARM.Collect$$rtentry$$00000009)
    __rt_entry_main                          0x000004b7   Thumb Code     0  __rtentry2.o(.ARM.Collect$$rtentry$$0000000D)
    __rt_entry_postli_1                      0x000004b7   Thumb Code     0  __rtentry2.o(.ARM.Collect$$rtentry$$0000000C)
    __rt_exit                                0x000004bf   Thumb Code     0  rtexit.o(.ARM.Collect$$rtexit$$00000000)
    __rt_exit_ls                             0x000004c1   Thumb Code     0  rtexit2.o(.ARM.Collect$$rtexit$$00000003)
    __rt_exit_prels_1                        0x000004c1   Thumb Code     0  rtexit2.o(.ARM.Collect$$rtexit$$00000002)
    __rt_exit_exit                           0x000004c5   Thumb Code     0  rtexit2.o(.ARM.Collect$$rtexit$$00000004)
    init_data_bss                            0x000004cd   Thumb Code     2  startup_mk64f12.o(.text)
    Reset_Handler                            0x000004cf   Thumb Code    12  startup_mk64f12.o(.text)
    NMI_Handler                              0x000004db   Thumb Code     2  startup_mk64f12.o(.text)
    HardFault_Handler                        0x000004dd   Thumb Code     2  startup_mk64f12.o(.text)
    MemManage_Handler                        0x000004df   Thumb Code     2  startup_mk64f12.o(.text)
    BusFault_Handler                         0x000004e1   Thumb Code     2  startup_mk64f12.o(.text)
    UsageFault_Handler                       0x000004e3   Thumb Code     2  startup_mk64f12.o(.text)
    DebugMon_Handler                         0x000004e7   Thumb Code     2  startup_mk64f12.o(.text)
    PendSV_Handler                           0x000004e9   Thumb Code     2  startup_mk64f12.o(.text)
    SysTick_Handler                          0x000004eb   Thumb Code     2  startup_mk64f12.o(.text)
    ADC0_IRQHandler                          0x000004ed   Thumb Code     0  startup_mk64f12.o(.text)
    ADC1_IRQHandler                          0x000004ed   Thumb Code     0  startup_mk64f12.o(.text)
    CAN0_Bus_Off_IRQHandler                  0x000004ed   Thumb Code     0  startup_mk64f12.o(.text)
    CAN0_Error_IRQHandler                    0x000004ed   Thumb Code     0  startup_mk64f12.o(.text)
    CAN0_ORed_Message_buffer_IRQHandler      0x000004ed   Thumb Code     0  startup_mk64f12.o(.text)
    CAN0_Rx_Warning_IRQHandler               0x000004ed   Thumb Code     0  startup_mk64f12.o(.text)
    CAN0_Tx_Warning_IRQHandler               0x000004ed   Thumb Code     0  startup_mk64f12.o(.text)
    CAN0_Wake_Up_IRQHandler                  0x000004ed   Thumb Code     0  startup_mk64f12.o(.text)
    CMP0_IRQHandler                          0x000004ed   Thumb Code     0  startup_mk64f12.o(.text)
    CMP1_IRQHandler                          0x000004ed   Thumb Code     0  startup_mk64f12.o(.text)
    CMP2_IRQHandler                          0x000004ed   Thumb Code     0  startup_mk64f12.o(.text)
    CMT_IRQHandler                           0x000004ed   Thumb Code     0  startup_mk64f12.o(.text)
    DAC0_IRQHandler                          0x000004ed   Thumb Code     0  startup_mk64f12.o(.text)
    DAC1_IRQHandler                          0x000004ed   Thumb Code     0  startup_mk64f12.o(.text)
    DMA0_IRQHandler                          0x000004ed   Thumb Code     0  startup_mk64f12.o(.text)
    DMA10_IRQHandler                         0x000004ed   Thumb Code     0  startup_mk64f12.o(.text)
    DMA11_IRQHandler                         0x000004ed   Thumb Code     0  startup_mk64f12.o(.text)
    DMA12_IRQHandler                         0x000004ed   Thumb Code     0  startup_mk64f12.o(.text)
    DMA13_IRQHandler                         0x000004ed   Thumb Code     0  startup_mk64f12.o(.text)
    DMA14_IRQHandler                         0x000004ed   Thumb Code     0  startup_mk64f12.o(.text)
    DMA15_IRQHandler                         0x000004ed   Thumb Code     0  startup_mk64f12.o(.text)
    DMA1_IRQHandler                          0x000004ed   Thumb Code     0  startup_mk64f12.o(.text)
    DMA2_IRQHandler                          0x000004ed   Thumb Code     0  startup_mk64f12.o(.text)
    DMA3_IRQHandler                          0x000004ed   Thumb Code     0  startup_mk64f12.o(.text)
    DMA4_IRQHandler                          0x000004ed   Thumb Code     0  startup_mk64f12.o(.text)
    DMA5_IRQHandler                          0x000004ed   Thumb Code     0  startup_mk64f12.o(.text)
    DMA6_IRQHandler                          0x000004ed   Thumb Code     0  startup_mk64f12.o(.text)
    DMA7_IRQHandler                          0x000004ed   Thumb Code     0  startup_mk64f12.o(.text)
    DMA8_IRQHandler                          0x000004ed   Thumb Code     0  startup_mk64f12.o(.text)
    DMA9_IRQHandler                          0x000004ed   Thumb Code     0  startup_mk64f12.o(.text)
    DMA_Error_IRQHandler                     0x000004ed   Thumb Code     0  startup_mk64f12.o(.text)
    DefaultISR                               0x000004ed   Thumb Code     0  startup_mk64f12.o(.text)
    ENET_1588_Timer_IRQHandler               0x000004ed   Thumb Code     0  startup_mk64f12.o(.text)
    ENET_Error_IRQHandler                    0x000004ed   Thumb Code     0  startup_mk64f12.o(.text)
    ENET_Receive_IRQHandler                  0x000004ed   Thumb Code     0  startup_mk64f12.o(.text)
    ENET_Transmit_IRQHandler                 0x000004ed   Thumb Code     0  startup_mk64f12.o(.text)
    FTFE_IRQHandler                          0x000004ed   Thumb Code     0  startup_mk64f12.o(.text)
    FTM0_IRQHandler                          0x000004ed   Thumb Code     0  startup_mk64f12.o(.text)
    FTM1_IRQHandler                          0x000004ed   Thumb Code     0  startup_mk64f12.o(.text)
    FTM2_IRQHandler                          0x000004ed   Thumb Code     0  startup_mk64f12.o(.text)
    FTM3_IRQHandler                          0x000004ed   Thumb Code     0  startup_mk64f12.o(.text)
    I2C1_IRQHandler                          0x000004ed   Thumb Code     0  startup_mk64f12.o(.text)
    I2C2_IRQHandler                          0x000004ed   Thumb Code     0  startup_mk64f12.o(.text)
    I2S0_Rx_IRQHandler                       0x000004ed   Thumb Code     0  startup_mk64f12.o(.text)
    I2S0_Tx_IRQHandler                       0x000004ed   Thumb Code     0  startup_mk64f12.o(.text)
    LLW_IRQHandler                           0x000004ed   Thumb Code     0  startup_mk64f12.o(.text)
    LPTimer_IRQHandler                       0x000004ed   Thumb Code     0  startup_mk64f12.o(.text)
    LVD_LVW_IRQHandler                       0x000004ed   Thumb Code     0  startup_mk64f12.o(.text)
    MCG_IRQHandler                           0x000004ed   Thumb Code     0  startup_mk64f12.o(.text)
    MCM_IRQHandler                           0x000004ed   Thumb Code     0  startup_mk64f12.o(.text)
    PDB0_IRQHandler                          0x000004ed   Thumb Code     0  startup_mk64f12.o(.text)
    PIT1_IRQHandler                          0x000004ed   Thumb Code     0  startup_mk64f12.o(.text)
    PIT2_IRQHandler                          0x000004ed   Thumb Code     0  startup_mk64f12.o(.text)
    PIT3_IRQHandler                          0x000004ed   Thumb Code     0  startup_mk64f12.o(.text)
    PORTB_IRQHandler                         0x000004ed   Thumb Code     0  startup_mk64f12.o(.text)
    PORTC_IRQHandler                         0x000004ed   Thumb Code     0  startup_mk64f12.o(.text)
    PORTD_IRQHandler                         0x000004ed   Thumb Code     0  startup_mk64f12.o(.text)
    PORTE_IRQHandler                         0x000004ed   Thumb Code     0  startup_mk64f12.o(.text)
    RNG_IRQHandler                           0x000004ed   Thumb Code     0  startup_mk64f12.o(.text)
    RTC_IRQHandler                           0x000004ed   Thumb Code     0  startup_mk64f12.o(.text)
    RTC_Seconds_IRQHandler                   0x000004ed   Thumb Code     0  startup_mk64f12.o(.text)
    Read_Collision_IRQHandler                0x000004ed   Thumb Code     0  startup_mk64f12.o(.text)
    Reserved71_IRQHandler                    0x000004ed   Thumb Code     0  startup_mk64f12.o(.text)
    SDHC_IRQHandler                          0x000004ed   Thumb Code     0  startup_mk64f12.o(.text)
    SPI0_IRQHandler                          0x000004ed   Thumb Code     0  startup_mk64f12.o(.text)
    SPI1_IRQHandler                          0x000004ed   Thumb Code     0  startup_mk64f12.o(.text)
    SPI2_IRQHandler                          0x000004ed   Thumb Code     0  startup_mk64f12.o(.text)
    SWI_IRQHandler                           0x000004ed   Thumb Code     0  startup_mk64f12.o(.text)
    UART0_ERR_IRQHandler                     0x000004ed   Thumb Code     0  startup_mk64f12.o(.text)
    UART0_LON_IRQHandler                     0x000004ed   Thumb Code     0  startup_mk64f12.o(.text)
    UART0_RX_TX_IRQHandler                   0x000004ed   Thumb Code     0  startup_mk64f12.o(.text)
    UART1_ERR_IRQHandler                     0x000004ed   Thumb Code     0  startup_mk64f12.o(.text)
    UART1_RX_TX_IRQHandler                   0x000004ed   Thumb Code     0  startup_mk64f12.o(.text)
    UART2_ERR_IRQHandler                     0x000004ed   Thumb Code     0  startup_mk64f12.o(.text)
    UART2_RX_TX_IRQHandler                   0x000004ed   Thumb Code     0  startup_mk64f12.o(.text)
    UART3_ERR_IRQHandler                     0x000004ed   Thumb Code     0  startup_mk64f12.o(.text)
    UART3_RX_TX_IRQHandler                   0x000004ed   Thumb Code     0  startup_mk64f12.o(.text)
    UART4_ERR_IRQHandler                     0x000004ed   Thumb Code     0  startup_mk64f12.o(.text)
    UART4_RX_TX_IRQHandler                   0x000004ed   Thumb Code     0  startup_mk64f12.o(.text)
    UART5_ERR_IRQHandler                     0x000004ed   Thumb Code     0  startup_mk64f12.o(.text)
    UART5_RX_TX_IRQHandler                   0x000004ed   Thumb Code     0  startup_mk64f12.o(.text)
    USB0_IRQHandler                          0x000004ed   Thumb Code     0  startup_mk64f12.o(.text)
    USBDCD_IRQHandler                        0x000004ed   Thumb Code     0  startup_mk64f12.o(.text)
    Watchdog_IRQHandler                      0x000004ed   Thumb Code     0  startup_mk64f12.o(.text)
    __user_initial_stackheap                 0x000004f1   Thumb Code     0  startup_mk64f12.o(.text)
    free                                     0x00000519   Thumb Code    78  h1_free.o(.text)
    __2sprintf                               0x00000569   Thumb Code    34  noretval__2sprintf.o(.text)
    __printf                                 0x00000591   Thumb Code   104  __printf.o(.text)
    _printf_int_dec                          0x000005f9   Thumb Code   104  _printf_dec.o(.text)
    __aeabi_assert                           0x00000671   Thumb Code    86  assert.o(.text)
    __assert                                 0x00000671   Thumb Code     0  assert.o(.text)
    __aeabi_memclr4                          0x000006f1   Thumb Code     0  rt_memclr_w.o(.text)
    __aeabi_memclr8                          0x000006f1   Thumb Code     0  rt_memclr_w.o(.text)
    __rt_memclr_w                            0x000006f1   Thumb Code    78  rt_memclr_w.o(.text)
    _memset_w                                0x000006f5   Thumb Code     0  rt_memclr_w.o(.text)
    __use_two_region_memory                  0x0000073f   Thumb Code     2  heapauxi.o(.text)
    __rt_heap_escrow                         0x00000741   Thumb Code     2  heapauxi.o(.text)
    __rt_heap_expand                         0x00000743   Thumb Code     2  heapauxi.o(.text)
    __rt_heap_descriptor                     0x00000745   Thumb Code     8  rt_heap_descriptor_intlibspace.o(.text)
    _printf_int_common                       0x0000074d   Thumb Code   178  _printf_intcommon.o(.text)
    __lib_sel_fp_printf                      0x000007ff   Thumb Code     2  _printf_fp_dec.o(.text)
    _printf_fp_dec_real                      0x000009b1   Thumb Code   620  _printf_fp_dec.o(.text)
    _printf_char_common                      0x00000c27   Thumb Code    32  _printf_char_common.o(.text)
    _sputc                                   0x00000c4d   Thumb Code    10  _sputc.o(.text)
    abort                                    0x00000c57   Thumb Code    22  abort.o(.text)
    __assert_puts                            0x00000c6d   Thumb Code    20  assert_puts.o(.text)
    _ttywrch                                 0x00000c81   Thumb Code    14  sys_wrch.o(.text)
    _sys_exit                                0x00000c91   Thumb Code     8  sys_exit.o(.text)
    __user_libspace                          0x00000c9d   Thumb Code     8  libspace.o(.text)
    __user_perproc_libspace                  0x00000c9d   Thumb Code     0  libspace.o(.text)
    __user_perthread_libspace                0x00000c9d   Thumb Code     0  libspace.o(.text)
    __rt_locale                              0x00000ca5   Thumb Code     8  rt_locale_intlibspace.o(.text)
    _ll_udiv10                               0x00000cad   Thumb Code   138  lludiv10.o(.text)
    _printf_fp_infnan                        0x00000d39   Thumb Code   112  _printf_fp_infnan.o(.text)
    _btod_etento                             0x00000db9   Thumb Code   224  bigflt0.o(.text)
    __rt_SIGABRT                             0x00000e9d   Thumb Code    14  defsig_abrt_outer.o(.text)
    __I$use$semihosting                      0x00000eab   Thumb Code     0  use_no_semi.o(.text)
    __use_no_semihosting_swi                 0x00000eab   Thumb Code     2  use_no_semi.o(.text)
    __semihosting_library_function           0x00000ead   Thumb Code     0  indicate_semi.o(.text)
    __user_setup_stackheap                   0x00000ead   Thumb Code    74  sys_stackheap_outer.o(.text)
    exit                                     0x00000ef7   Thumb Code    18  exit.o(.text)
    __sig_exit                               0x00000f09   Thumb Code    10  defsig_exit.o(.text)
    __rt_SIGABRT_inner                       0x00000f15   Thumb Code    14  defsig_abrt_inner.o(.text)
    strcmp                                   0x00000f45   Thumb Code   128  strcmpv7m.o(.text)
    __default_signal_display                 0x00000fc5   Thumb Code    50  defsig_general.o(.text)
    _btod_d2e                                0x00000ff7   Thumb Code    62  btod.o(CL$$btod_d2e)
    _d2e_denorm_low                          0x00001035   Thumb Code    70  btod.o(CL$$btod_d2e_denorm_low)
    _d2e_norm_op1                            0x0000107b   Thumb Code    96  btod.o(CL$$btod_d2e_norm_op1)
    __btod_div_common                        0x000010db   Thumb Code   696  btod.o(CL$$btod_div_common)
    _e2e                                     0x00001413   Thumb Code   220  btod.o(CL$$btod_e2e)
    _btod_ediv                               0x000014ef   Thumb Code    42  btod.o(CL$$btod_ediv)
    _btod_emul                               0x00001519   Thumb Code    42  btod.o(CL$$btod_emul)
    __btod_mult_common                       0x00001543   Thumb Code   580  btod.o(CL$$btod_mult_common)
    ACCEL_ReadWhoAmI                         0x00001789   Thumb Code   196  3140_accel.o(i.ACCEL_ReadWhoAmI)
    ACCEL_getAccelDat                        0x0000185d   Thumb Code    80  3140_accel.o(i.ACCEL_getAccelDat)
    ACCEL_getDefaultConfig                   0x000018ad   Thumb Code    78  3140_accel.o(i.ACCEL_getDefaultConfig)
    GPIO_PinInit                             0x00001949   Thumb Code    80  fsl_gpio.o(i.GPIO_PinInit)
    I2C0_DriverIRQHandler                    0x000019c5   Thumb Code    14  fsl_i2c.o(i.I2C0_DriverIRQHandler)
    I2C_DisableInterrupts                    0x000019fd   Thumb Code    30  fsl_i2c.o(i.I2C_DisableInterrupts)
    I2C_EnableInterrupts                     0x00001a1b   Thumb Code    34  fsl_i2c.o(i.I2C_EnableInterrupts)
    I2C_GetInstance                          0x00001a3d   Thumb Code    48  fsl_i2c.o(i.I2C_GetInstance)
    I2C_Init                                 0x00001a99   Thumb Code    86  3140_i2c.o(i.I2C_Init)
    I2C_MasterGetDefaultConfig               0x00001bd5   Thumb Code    44  fsl_i2c.o(i.I2C_MasterGetDefaultConfig)
    I2C_MasterGetStatusFlags                 0x00001c21   Thumb Code    30  fsl_i2c.o(i.I2C_MasterGetStatusFlags)
    I2C_MasterInit                           0x00001c41   Thumb Code   154  fsl_i2c.o(i.I2C_MasterInit)
    I2C_MasterRepeatedStart                  0x00001d11   Thumb Code   102  fsl_i2c.o(i.I2C_MasterRepeatedStart)
    I2C_MasterSetBaudRate                    0x00001d79   Thumb Code   138  fsl_i2c.o(i.I2C_MasterSetBaudRate)
    I2C_MasterStart                          0x00001e09   Thumb Code    58  fsl_i2c.o(i.I2C_MasterStart)
    I2C_MasterStop                           0x00001e43   Thumb Code    26  fsl_i2c.o(i.I2C_MasterStop)
    I2C_MasterTransferCreateHandle           0x00001e5d   Thumb Code    72  fsl_i2c.o(i.I2C_MasterTransferCreateHandle)
    I2C_MasterTransferHandleIRQ              0x00001ec9   Thumb Code   124  fsl_i2c.o(i.I2C_MasterTransferHandleIRQ)
    I2C_MasterTransferNonBlocking            0x00001f5d   Thumb Code    82  fsl_i2c.o(i.I2C_MasterTransferNonBlocking)
    I2C_ReadRegs                             0x0000216d   Thumb Code   102  3140_i2c.o(i.I2C_ReadRegs)
    I2C_ReleaseBus                           0x000021e5   Thumb Code   234  3140_i2c.o(i.I2C_ReleaseBus)
    I2C_WriteReg                             0x0000232d   Thumb Code   112  3140_i2c.o(i.I2C_WriteReg)
    LEDBlue_On                               0x000023ad   Thumb Code    36  utils.o(i.LEDBlue_On)
    LEDGreen_On                              0x000023d9   Thumb Code    38  utils.o(i.LEDGreen_On)
    LEDRed_On                                0x00002409   Thumb Code    36  utils.o(i.LEDRed_On)
    LED_Initialize                           0x00002435   Thumb Code    50  utils.o(i.LED_Initialize)
    LED_Off                                  0x0000247d   Thumb Code    36  utils.o(i.LED_Off)
    PORTA_IRQHandler                         0x000024a9   Thumb Code    14  pedometer_wsw.o(i.PORTA_IRQHandler)
    SystemInit                               0x000024f1   Thumb Code   124  system_mk64f12.o(i.SystemInit)
    __ARM_fpclassify                         0x00002581   Thumb Code    40  fpclassify.o(i.__ARM_fpclassify)
    delay                                    0x000025b5   Thumb Code    14  utils.o(i.delay)
    i2c_master_callback                      0x000025c9   Thumb Code    32  3140_i2c.o(i.i2c_master_callback)
    main                                     0x00002601   Thumb Code   404  pedometer_wsw.o(i.main)
    process_select                           0x0000285d   Thumb Code    62  process.o(i.process_select)
    process_stack_free                       0x000028a1   Thumb Code    18  3140_concur.o(i.process_stack_free)
    uart_init                                0x000028dd   Thumb Code   132  3140_serial.o(i.uart_init)
    uart_putChar                             0x00002971   Thumb Code    20  3140_serial.o(i.uart_putChar)
    uart_putString                           0x00002989   Thumb Code    22  3140_serial.o(i.uart_putString)
    _get_lc_numeric                          0x000029a1   Thumb Code    44  lc_numeric_c.o(locale$$code)
    SVC_Handler                              0x000029cd   Thumb Code     0  3140.o(myProg)
    process_terminated                       0x000029f3   Thumb Code     0  3140.o(myProg)
    process_begin                            0x000029f7   Thumb Code     0  3140.o(myProg)
    process_blocked                          0x000029fd   Thumb Code     0  3140.o(myProg)
    PIT0_IRQHandler                          0x00002a03   Thumb Code     0  3140.o(myProg)
    __fpl_dretinf                            0x00002a49   Thumb Code    12  dretinf.o(x$fpl$dretinf)
    __aeabi_f2d                              0x00002a55   Thumb Code     0  f2d.o(x$fpl$f2d)
    _f2d                                     0x00002a55   Thumb Code    86  f2d.o(x$fpl$f2d)
    __fpl_fcmp_Inf                           0x00002aab   Thumb Code    24  fcmpi.o(x$fpl$fcmpinf)
    __aeabi_i2f                              0x00002ac5   Thumb Code     0  fflt_clz.o(x$fpl$fflt)
    _fflt                                    0x00002ac5   Thumb Code    48  fflt_clz.o(x$fpl$fflt)
    __aeabi_cfcmple                          0x00002af5   Thumb Code     0  fleqf.o(x$fpl$fleqf)
    _fcmple                                  0x00002af5   Thumb Code   104  fleqf.o(x$fpl$fleqf)
    __fpl_fcmple_InfNaN                      0x00002b47   Thumb Code     0  fleqf.o(x$fpl$fleqf)
    __fpl_fnaninf                            0x00002b5d   Thumb Code   140  fnaninf.o(x$fpl$fnaninf)
    __aeabi_cfrcmple                         0x00002be9   Thumb Code     0  frleqf.o(x$fpl$frleqf)
    _frcmple                                 0x00002be9   Thumb Code    98  frleqf.o(x$fpl$frleqf)
    _printf_fp_dec                           0x00002c4b   Thumb Code     4  printf1.o(x$fpl$printf1)
    __I$use$fp                               0x00002c4e   Number         0  usenofp.o(x$fpl$usenofp)
    Region$$Table$$Base                      0x00002e78   Number         0  anon$$obj.o(Region$$Table)
    Region$$Table$$Limit                     0x00002e98   Number         0  anon$$obj.o(Region$$Table)
    nakFlag                                  0x20000000   Data           1  3140_i2c.o(.data)
    completionFlag                           0x20000001   Data           1  3140_i2c.o(.data)
    current_process                          0x20000004   Data           4  process.o(.data)
    process_queue                            0x20000008   Data           4  process.o(.data)
    process_tail                             0x2000000c   Data           4  process.o(.data)
    steps                                    0x20000010   Data           4  pedometer_wsw.o(.data)
    median                                   0x20000014   Data           4  pedometer_wsw.o(.data)
    zval_init                                0x20000018   Data           4  pedometer_wsw.o(.data)
    forward                                  0x2000001c   Data           4  pedometer_wsw.o(.data)
    back                                     0x20000020   Data           4  pedometer_wsw.o(.data)
    lastMeas                                 0x20000024   Data           4  pedometer_wsw.o(.data)
    runFlag                                  0x20000028   Data           4  pedometer_wsw.o(.data)
    SW3Pressed                               0x2000002c   Data           4  pedometer_wsw.o(.data)
    SystemCoreClock                          0x20000038   Data           4  system_mk64f12.o(.data)
    g_m_handle                               0x20000040   Data          40  3140_i2c.o(.bss)
    __libspace_start                         0x20000204   Data          96  libspace.o(.bss)
    __temporary_stack_top$libspace           0x20000264   Data           0  libspace.o(.bss)



==============================================================================

Memory Map of the image

  Image Entry point : 0x000004cf

  Load Region LR_1 (Base: 0x00000000, Size: 0x00002ef4, Max: 0xffffffff, ABSOLUTE)

    Execution Region ER_RO (Exec base: 0x00000000, Load base: 0x00000000, Size: 0x00002eb4, Max: 0xffffffff, ABSOLUTE)

    Exec Addr    Load Addr    Size         Type   Attr      Idx    E Section Name        Object

    0x00000000   0x00000000   0x00000400   Data   RO         1187    RESET               startup_mk64f12.o
    0x00000400   0x00000400   0x00000010   Code   RO         1188    .ARM.__at_0x400     startup_mk64f12.o
    0x00000410   0x00000410   0x00000008   Code   RO         1334  * !!!main             c_w.l(__main.o)
    0x00000418   0x00000418   0x00000034   Code   RO         1630    !!!scatter          c_w.l(__scatter.o)
    0x0000044c   0x0000044c   0x0000001a   Code   RO         1632    !!handler_copy      c_w.l(__scatter_copy.o)
    0x00000466   0x00000466   0x00000002   PAD
    0x00000468   0x00000468   0x0000001c   Code   RO         1634    !!handler_zi        c_w.l(__scatter_zi.o)
    0x00000484   0x00000484   0x00000000   Code   RO         1327    .ARM.Collect$$_printf_percent$$00000000  c_w.l(_printf_percent.o)
    0x00000484   0x00000484   0x00000006   Code   RO         1326    .ARM.Collect$$_printf_percent$$00000003  c_w.l(_printf_f.o)
    0x0000048a   0x0000048a   0x00000006   Code   RO         1325    .ARM.Collect$$_printf_percent$$00000009  c_w.l(_printf_d.o)
    0x00000490   0x00000490   0x00000004   Code   RO         1390    .ARM.Collect$$_printf_percent$$00000017  c_w.l(_printf_percent_end.o)
    0x00000494   0x00000494   0x00000002   Code   RO         1575    .ARM.Collect$$libinit$$00000000  c_w.l(libinit.o)
    0x00000496   0x00000496   0x00000000   Code   RO         1400    .ARM.Collect$$libinit$$00000002  c_w.l(libinit2.o)
    0x00000496   0x00000496   0x00000000   Code   RO         1402    .ARM.Collect$$libinit$$00000004  c_w.l(libinit2.o)
    0x00000496   0x00000496   0x00000000   Code   RO         1405    .ARM.Collect$$libinit$$0000000A  c_w.l(libinit2.o)
    0x00000496   0x00000496   0x00000000   Code   RO         1407    .ARM.Collect$$libinit$$0000000C  c_w.l(libinit2.o)
    0x00000496   0x00000496   0x00000000   Code   RO         1409    .ARM.Collect$$libinit$$0000000E  c_w.l(libinit2.o)
    0x00000496   0x00000496   0x00000006   Code   RO         1410    .ARM.Collect$$libinit$$0000000F  c_w.l(libinit2.o)
    0x0000049c   0x0000049c   0x00000000   Code   RO         1412    .ARM.Collect$$libinit$$00000011  c_w.l(libinit2.o)
    0x0000049c   0x0000049c   0x00000000   Code   RO         1414    .ARM.Collect$$libinit$$00000013  c_w.l(libinit2.o)
    0x0000049c   0x0000049c   0x00000000   Code   RO         1416    .ARM.Collect$$libinit$$00000015  c_w.l(libinit2.o)
    0x0000049c   0x0000049c   0x0000000a   Code   RO         1417    .ARM.Collect$$libinit$$00000016  c_w.l(libinit2.o)
    0x000004a6   0x000004a6   0x00000000   Code   RO         1418    .ARM.Collect$$libinit$$00000017  c_w.l(libinit2.o)
    0x000004a6   0x000004a6   0x00000000   Code   RO         1420    .ARM.Collect$$libinit$$00000019  c_w.l(libinit2.o)
    0x000004a6   0x000004a6   0x00000000   Code   RO         1422    .ARM.Collect$$libinit$$0000001B  c_w.l(libinit2.o)
    0x000004a6   0x000004a6   0x00000000   Code   RO         1424    .ARM.Collect$$libinit$$0000001D  c_w.l(libinit2.o)
    0x000004a6   0x000004a6   0x00000000   Code   RO         1426    .ARM.Collect$$libinit$$0000001F  c_w.l(libinit2.o)
    0x000004a6   0x000004a6   0x00000000   Code   RO         1428    .ARM.Collect$$libinit$$00000021  c_w.l(libinit2.o)
    0x000004a6   0x000004a6   0x00000000   Code   RO         1430    .ARM.Collect$$libinit$$00000023  c_w.l(libinit2.o)
    0x000004a6   0x000004a6   0x00000000   Code   RO         1432    .ARM.Collect$$libinit$$00000025  c_w.l(libinit2.o)
    0x000004a6   0x000004a6   0x00000000   Code   RO         1436    .ARM.Collect$$libinit$$0000002C  c_w.l(libinit2.o)
    0x000004a6   0x000004a6   0x00000000   Code   RO         1438    .ARM.Collect$$libinit$$0000002E  c_w.l(libinit2.o)
    0x000004a6   0x000004a6   0x00000000   Code   RO         1440    .ARM.Collect$$libinit$$00000030  c_w.l(libinit2.o)
    0x000004a6   0x000004a6   0x00000000   Code   RO         1442    .ARM.Collect$$libinit$$00000032  c_w.l(libinit2.o)
    0x000004a6   0x000004a6   0x00000002   Code   RO         1443    .ARM.Collect$$libinit$$00000033  c_w.l(libinit2.o)
    0x000004a8   0x000004a8   0x00000002   Code   RO         1627    .ARM.Collect$$libshutdown$$00000000  c_w.l(libshutdown.o)
    0x000004aa   0x000004aa   0x00000000   Code   RO         1589    .ARM.Collect$$libshutdown$$00000002  c_w.l(libshutdown2.o)
    0x000004aa   0x000004aa   0x00000000   Code   RO         1591    .ARM.Collect$$libshutdown$$00000004  c_w.l(libshutdown2.o)
    0x000004aa   0x000004aa   0x00000000   Code   RO         1594    .ARM.Collect$$libshutdown$$00000007  c_w.l(libshutdown2.o)
    0x000004aa   0x000004aa   0x00000000   Code   RO         1597    .ARM.Collect$$libshutdown$$0000000A  c_w.l(libshutdown2.o)
    0x000004aa   0x000004aa   0x00000000   Code   RO         1599    .ARM.Collect$$libshutdown$$0000000C  c_w.l(libshutdown2.o)
    0x000004aa   0x000004aa   0x00000000   Code   RO         1602    .ARM.Collect$$libshutdown$$0000000F  c_w.l(libshutdown2.o)
    0x000004aa   0x000004aa   0x00000002   Code   RO         1603    .ARM.Collect$$libshutdown$$00000010  c_w.l(libshutdown2.o)
    0x000004ac   0x000004ac   0x00000000   Code   RO         1352    .ARM.Collect$$rtentry$$00000000  c_w.l(__rtentry.o)
    0x000004ac   0x000004ac   0x00000000   Code   RO         1461    .ARM.Collect$$rtentry$$00000002  c_w.l(__rtentry2.o)
    0x000004ac   0x000004ac   0x00000006   Code   RO         1473    .ARM.Collect$$rtentry$$00000004  c_w.l(__rtentry4.o)
    0x000004b2   0x000004b2   0x00000000   Code   RO         1463    .ARM.Collect$$rtentry$$00000009  c_w.l(__rtentry2.o)
    0x000004b2   0x000004b2   0x00000004   Code   RO         1464    .ARM.Collect$$rtentry$$0000000A  c_w.l(__rtentry2.o)
    0x000004b6   0x000004b6   0x00000000   Code   RO         1466    .ARM.Collect$$rtentry$$0000000C  c_w.l(__rtentry2.o)
    0x000004b6   0x000004b6   0x00000008   Code   RO         1467    .ARM.Collect$$rtentry$$0000000D  c_w.l(__rtentry2.o)
    0x000004be   0x000004be   0x00000002   Code   RO         1576    .ARM.Collect$$rtexit$$00000000  c_w.l(rtexit.o)
    0x000004c0   0x000004c0   0x00000000   Code   RO         1605    .ARM.Collect$$rtexit$$00000002  c_w.l(rtexit2.o)
    0x000004c0   0x000004c0   0x00000004   Code   RO         1606    .ARM.Collect$$rtexit$$00000003  c_w.l(rtexit2.o)
    0x000004c4   0x000004c4   0x00000006   Code   RO         1607    .ARM.Collect$$rtexit$$00000004  c_w.l(rtexit2.o)
    0x000004ca   0x000004ca   0x00000002   PAD
    0x000004cc   0x000004cc   0x0000004c   Code   RO         1189  * .text               startup_mk64f12.o
    0x00000518   0x00000518   0x0000004e   Code   RO         1239    .text               c_w.l(h1_free.o)
    0x00000566   0x00000566   0x00000002   PAD
    0x00000568   0x00000568   0x00000028   Code   RO         1299    .text               c_w.l(noretval__2sprintf.o)
    0x00000590   0x00000590   0x00000068   Code   RO         1301    .text               c_w.l(__printf.o)
    0x000005f8   0x000005f8   0x00000078   Code   RO         1303    .text               c_w.l(_printf_dec.o)
    0x00000670   0x00000670   0x00000080   Code   RO         1328    .text               c_w.l(assert.o)
    0x000006f0   0x000006f0   0x0000004e   Code   RO         1330    .text               c_w.l(rt_memclr_w.o)
    0x0000073e   0x0000073e   0x00000006   Code   RO         1332    .text               c_w.l(heapauxi.o)
    0x00000744   0x00000744   0x00000008   Code   RO         1360    .text               c_w.l(rt_heap_descriptor_intlibspace.o)
    0x0000074c   0x0000074c   0x000000b2   Code   RO         1382    .text               c_w.l(_printf_intcommon.o)
    0x000007fe   0x000007fe   0x0000041e   Code   RO         1384    .text               c_w.l(_printf_fp_dec.o)
    0x00000c1c   0x00000c1c   0x00000030   Code   RO         1386    .text               c_w.l(_printf_char_common.o)
    0x00000c4c   0x00000c4c   0x0000000a   Code   RO         1388    .text               c_w.l(_sputc.o)
    0x00000c56   0x00000c56   0x00000016   Code   RO         1391    .text               c_w.l(abort.o)
    0x00000c6c   0x00000c6c   0x00000014   Code   RO         1393    .text               c_w.l(assert_puts.o)
    0x00000c80   0x00000c80   0x0000000e   Code   RO         1451    .text               c_w.l(sys_wrch.o)
    0x00000c8e   0x00000c8e   0x00000002   PAD
    0x00000c90   0x00000c90   0x0000000c   Code   RO         1455    .text               c_w.l(sys_exit.o)
    0x00000c9c   0x00000c9c   0x00000008   Code   RO         1457    .text               c_w.l(libspace.o)
    0x00000ca4   0x00000ca4   0x00000008   Code   RO         1480    .text               c_w.l(rt_locale_intlibspace.o)
    0x00000cac   0x00000cac   0x0000008a   Code   RO         1490    .text               c_w.l(lludiv10.o)
    0x00000d36   0x00000d36   0x00000002   PAD
    0x00000d38   0x00000d38   0x00000080   Code   RO         1492    .text               c_w.l(_printf_fp_infnan.o)
    0x00000db8   0x00000db8   0x000000e4   Code   RO         1496    .text               c_w.l(bigflt0.o)
    0x00000e9c   0x00000e9c   0x0000000e   Code   RO         1524    .text               c_w.l(defsig_abrt_outer.o)
    0x00000eaa   0x00000eaa   0x00000002   Code   RO         1543    .text               c_w.l(use_no_semi.o)
    0x00000eac   0x00000eac   0x00000000   Code   RO         1545    .text               c_w.l(indicate_semi.o)
    0x00000eac   0x00000eac   0x0000004a   Code   RO         1546    .text               c_w.l(sys_stackheap_outer.o)
    0x00000ef6   0x00000ef6   0x00000012   Code   RO         1552    .text               c_w.l(exit.o)
    0x00000f08   0x00000f08   0x0000000a   Code   RO         1554    .text               c_w.l(defsig_exit.o)
    0x00000f12   0x00000f12   0x00000002   PAD
    0x00000f14   0x00000f14   0x00000030   Code   RO         1556    .text               c_w.l(defsig_abrt_inner.o)
    0x00000f44   0x00000f44   0x00000080   Code   RO         1564    .text               c_w.l(strcmpv7m.o)
    0x00000fc4   0x00000fc4   0x00000032   Code   RO         1584    .text               c_w.l(defsig_general.o)
    0x00000ff6   0x00000ff6   0x0000003e   Code   RO         1499    CL$$btod_d2e        c_w.l(btod.o)
    0x00001034   0x00001034   0x00000046   Code   RO         1501    CL$$btod_d2e_denorm_low  c_w.l(btod.o)
    0x0000107a   0x0000107a   0x00000060   Code   RO         1500    CL$$btod_d2e_norm_op1  c_w.l(btod.o)
    0x000010da   0x000010da   0x00000338   Code   RO         1509    CL$$btod_div_common  c_w.l(btod.o)
    0x00001412   0x00001412   0x000000dc   Code   RO         1506    CL$$btod_e2e        c_w.l(btod.o)
    0x000014ee   0x000014ee   0x0000002a   Code   RO         1503    CL$$btod_ediv       c_w.l(btod.o)
    0x00001518   0x00001518   0x0000002a   Code   RO         1502    CL$$btod_emul       c_w.l(btod.o)
    0x00001542   0x00001542   0x00000244   Code   RO         1508    CL$$btod_mult_common  c_w.l(btod.o)
    0x00001786   0x00001786   0x00000002   PAD
    0x00001788   0x00001788   0x000000d4   Code   RO            4    i.ACCEL_ReadWhoAmI  3140_accel.o
    0x0000185c   0x0000185c   0x00000050   Code   RO            5    i.ACCEL_getAccelDat  3140_accel.o
    0x000018ac   0x000018ac   0x0000004e   Code   RO            6    i.ACCEL_getDefaultConfig  3140_accel.o
    0x000018fa   0x000018fa   0x00000002   PAD
    0x000018fc   0x000018fc   0x00000018   Code   RO          914    i.CLOCK_EnableClock  fsl_i2c.o
    0x00001914   0x00001914   0x00000034   Code   RO          915    i.EnableIRQ         fsl_i2c.o
    0x00001948   0x00001948   0x00000064   Code   RO          867    i.GPIO_PinInit      fsl_gpio.o
    0x000019ac   0x000019ac   0x00000016   Code   RO          113    i.GPIO_PinWrite     3140_i2c.o
    0x000019c2   0x000019c2   0x00000002   PAD
    0x000019c4   0x000019c4   0x00000018   Code   RO          916    i.I2C0_DriverIRQHandler  fsl_i2c.o
    0x000019dc   0x000019dc   0x00000020   Code   RO          919    i.I2C_CheckAndClearError  fsl_i2c.o
    0x000019fc   0x000019fc   0x0000001e   Code   RO          920    i.I2C_DisableInterrupts  fsl_i2c.o
    0x00001a1a   0x00001a1a   0x00000022   Code   RO          922    i.I2C_EnableInterrupts  fsl_i2c.o
    0x00001a3c   0x00001a3c   0x0000005c   Code   RO          923    i.I2C_GetInstance   fsl_i2c.o
    0x00001a98   0x00001a98   0x00000074   Code   RO          114    i.I2C_Init          3140_i2c.o
    0x00001b0c   0x00001b0c   0x0000009a   Code   RO          924    i.I2C_InitTransferStateMachine  fsl_i2c.o
    0x00001ba6   0x00001ba6   0x0000002c   Code   RO          925    i.I2C_MasterClearStatusFlags  fsl_i2c.o
    0x00001bd2   0x00001bd2   0x00000002   PAD
    0x00001bd4   0x00001bd4   0x0000004c   Code   RO          927    i.I2C_MasterGetDefaultConfig  fsl_i2c.o
    0x00001c20   0x00001c20   0x0000001e   Code   RO          928    i.I2C_MasterGetStatusFlags  fsl_i2c.o
    0x00001c3e   0x00001c3e   0x00000002   PAD
    0x00001c40   0x00001c40   0x000000d0   Code   RO          929    i.I2C_MasterInit    fsl_i2c.o
    0x00001d10   0x00001d10   0x00000066   Code   RO          931    i.I2C_MasterRepeatedStart  fsl_i2c.o
    0x00001d76   0x00001d76   0x00000002   PAD
    0x00001d78   0x00001d78   0x00000090   Code   RO          932    i.I2C_MasterSetBaudRate  fsl_i2c.o
    0x00001e08   0x00001e08   0x0000003a   Code   RO          933    i.I2C_MasterStart   fsl_i2c.o
    0x00001e42   0x00001e42   0x0000001a   Code   RO          934    i.I2C_MasterStop    fsl_i2c.o
    0x00001e5c   0x00001e5c   0x0000006c   Code   RO          937    i.I2C_MasterTransferCreateHandle  fsl_i2c.o
    0x00001ec8   0x00001ec8   0x00000094   Code   RO          939    i.I2C_MasterTransferHandleIRQ  fsl_i2c.o
    0x00001f5c   0x00001f5c   0x00000078   Code   RO          940    i.I2C_MasterTransferNonBlocking  fsl_i2c.o
    0x00001fd4   0x00001fd4   0x00000198   Code   RO          941    i.I2C_MasterTransferRunStateMachine  fsl_i2c.o
    0x0000216c   0x0000216c   0x00000078   Code   RO          115    i.I2C_ReadRegs      3140_i2c.o
    0x000021e4   0x000021e4   0x000000fc   Code   RO          116    i.I2C_ReleaseBus    3140_i2c.o
    0x000022e0   0x000022e0   0x0000004c   Code   RO          954    i.I2C_TransferCommonIRQHandler  fsl_i2c.o
    0x0000232c   0x0000232c   0x00000080   Code   RO          117    i.I2C_WriteReg      3140_i2c.o
    0x000023ac   0x000023ac   0x0000002c   Code   RO          274    i.LEDBlue_On        utils.o
    0x000023d8   0x000023d8   0x00000030   Code   RO          276    i.LEDGreen_On       utils.o
    0x00002408   0x00002408   0x0000002c   Code   RO          278    i.LEDRed_On         utils.o
    0x00002434   0x00002434   0x00000048   Code   RO          280    i.LED_Initialize    utils.o
    0x0000247c   0x0000247c   0x0000002c   Code   RO          281    i.LED_Off           utils.o
    0x000024a8   0x000024a8   0x00000018   Code   RO          437    i.PORTA_IRQHandler  pedometer_wsw.o
    0x000024c0   0x000024c0   0x00000030   Code   RO          118    i.PORT_SetPinConfig  3140_i2c.o
    0x000024f0   0x000024f0   0x00000090   Code   RO         1199    i.SystemInit        system_mk64f12.o
    0x00002580   0x00002580   0x00000028   Code   RO         1541    i.__ARM_fpclassify  m_ws.l(fpclassify.o)
    0x000025a8   0x000025a8   0x00000006   Code   RO          282    i.__get_PRIMASK     utils.o
    0x000025ae   0x000025ae   0x00000006   Code   RO          283    i.__set_PRIMASK     utils.o
    0x000025b4   0x000025b4   0x00000014   Code   RO          284    i.delay             utils.o
    0x000025c8   0x000025c8   0x00000028   Code   RO          119    i.i2c_master_callback  3140_i2c.o
    0x000025f0   0x000025f0   0x00000010   Code   RO          120    i.i2c_release_bus_delay  3140_i2c.o
    0x00002600   0x00002600   0x00000214   Code   RO          438    i.main              pedometer_wsw.o
    0x00002814   0x00002814   0x00000034   Code   RO          373    i.pop_front_process  process.o
    0x00002848   0x00002848   0x00000014   Code   RO          375    i.process_free      process.o
    0x0000285c   0x0000285c   0x00000044   Code   RO          376    i.process_select    process.o
    0x000028a0   0x000028a0   0x00000012   Code   RO          234    i.process_stack_free  3140_concur.o
    0x000028b2   0x000028b2   0x00000002   PAD
    0x000028b4   0x000028b4   0x00000028   Code   RO          378    i.push_tail_process  process.o
    0x000028dc   0x000028dc   0x00000094   Code   RO          194    i.uart_init         3140_serial.o
    0x00002970   0x00002970   0x00000018   Code   RO          195    i.uart_putChar      3140_serial.o
    0x00002988   0x00002988   0x00000016   Code   RO          196    i.uart_putString    3140_serial.o
    0x0000299e   0x0000299e   0x00000002   PAD
    0x000029a0   0x000029a0   0x0000002c   Code   RO         1522    locale$$code        c_w.l(lc_numeric_c.o)
    0x000029cc   0x000029cc   0x0000007c   Code   RO          228    myProg              3140.o
    0x00002a48   0x00002a48   0x0000000c   Code   RO         1444    x$fpl$dretinf       fz_ws.l(dretinf.o)
    0x00002a54   0x00002a54   0x00000056   Code   RO         1336    x$fpl$f2d           fz_ws.l(f2d.o)
    0x00002aaa   0x00002aaa   0x00000018   Code   RO         1446    x$fpl$fcmpinf       fz_ws.l(fcmpi.o)
    0x00002ac2   0x00002ac2   0x00000002   PAD
    0x00002ac4   0x00002ac4   0x00000030   Code   RO         1339    x$fpl$fflt          fz_ws.l(fflt_clz.o)
    0x00002af4   0x00002af4   0x00000068   Code   RO         1344    x$fpl$fleqf         fz_ws.l(fleqf.o)
    0x00002b5c   0x00002b5c   0x0000008c   Code   RO         1448    x$fpl$fnaninf       fz_ws.l(fnaninf.o)
    0x00002be8   0x00002be8   0x00000062   Code   RO         1346    x$fpl$frleqf        fz_ws.l(frleqf.o)
    0x00002c4a   0x00002c4a   0x00000004   Code   RO         1348    x$fpl$printf1       fz_ws.l(printf1.o)
    0x00002c4e   0x00002c4e   0x00000000   Code   RO         1450    x$fpl$usenofp       fz_ws.l(usenofp.o)
    0x00002c4e   0x00002c4e   0x00000002   PAD
    0x00002c50   0x00002c50   0x0000009c   Data   RO          956    .constdata          fsl_i2c.o
    0x00002cec   0x00002cec   0x00000094   Data   RO         1497    .constdata          c_w.l(bigflt0.o)
    0x00002d80   0x00002d80   0x00000051   Data   RO          122    .conststring        3140_i2c.o
    0x00002dd1   0x00002dd1   0x00000003   PAD
    0x00002dd4   0x00002dd4   0x00000051   Data   RO          871    .conststring        fsl_gpio.o
    0x00002e25   0x00002e25   0x00000003   PAD
    0x00002e28   0x00002e28   0x00000050   Data   RO          957    .conststring        fsl_i2c.o
    0x00002e78   0x00002e78   0x00000020   Data   RO         1628    Region$$Table       anon$$obj.o
    0x00002e98   0x00002e98   0x0000001c   Data   RO         1521    locale$$data        c_w.l(lc_numeric_c.o)


    Execution Region ER_RW (Exec base: 0x20000000, Load base: 0x00002eb4, Size: 0x00000040, Max: 0xffffffff, ABSOLUTE)

    Exec Addr    Load Addr    Size         Type   Attr      Idx    E Section Name        Object

    0x20000000   0x00002eb4   0x00000002   Data   RW          123    .data               3140_i2c.o
    0x20000002   0x00002eb6   0x00000002   PAD
    0x20000004   0x00002eb8   0x0000000c   Data   RW          379    .data               process.o
    0x20000010   0x00002ec4   0x00000020   Data   RW          440    .data               pedometer_wsw.o
    0x20000030   0x00002ee4   0x00000008   Data   RW          958    .data               fsl_i2c.o
    0x20000038   0x00002eec   0x00000004   Data   RW         1200    .data               system_mk64f12.o
    0x2000003c   0x00002ef0   0x00000004   Data   RW          227    myData              3140.o


    Execution Region ER_ZI (Exec base: 0x20000040, Load base: 0x00002ef4, Size: 0x00010628, Max: 0xffffffff, ABSOLUTE)

    Exec Addr    Load Addr    Size         Type   Attr      Idx    E Section Name        Object

    0x20000040        -       0x00000028   Zero   RW          121    .bss                3140_i2c.o
    0x20000068        -       0x00000190   Zero   RW          439    .bss                pedometer_wsw.o
    0x200001f8        -       0x0000000c   Zero   RW          955    .bss                fsl_i2c.o
    0x20000204        -       0x00000060   Zero   RW         1458    .bss                c_w.l(libspace.o)
    0x20000264   0x00002ef4   0x00000004   PAD
    0x20000268        -       0x00010000   Zero   RW         1186    HEAP                startup_mk64f12.o
    0x20010268        -       0x00000400   Zero   RW         1185    STACK               startup_mk64f12.o


==============================================================================

Image component sizes


      Code (inc. data)   RO Data    RW Data    ZI Data      Debug   Object Name

       124         24          0          4          0        276   3140.o
       370         16          0          0          0     482892   3140_accel.o
        18          0          0          0          0        573   3140_concur.o
       742        102         81          2         40      16795   3140_i2c.o
       194         20          0          0          0       1404   3140_serial.o
       100         20         81          0          0       2399   fsl_gpio.o
      1990        272        236          8         12      31869   fsl_i2c.o
       556        138          0         32        400       2592   pedometer_wsw.o
       180         24          0         12          0      31801   process.o
        92         48       1024          0      66560       1092   startup_mk64f12.o
       144         20          0          4          0        763   system_mk64f12.o
       284         62          0          0          0       8866   utils.o

    ----------------------------------------------------------------------
      4808        746       1460         64      67012     581322   Object Totals
         0          0         32          0          0          0   (incl. Generated)
        14          0          6          2          0          0   (incl. Padding)

    ----------------------------------------------------------------------

      Code (inc. data)   RO Data    RW Data    ZI Data      Debug   Library Member Name

         8          0          0          0          0         68   __main.o
       104          0          0          0          0         84   __printf.o
         0          0          0          0          0          0   __rtentry.o
        12          0          0          0          0          0   __rtentry2.o
         6          0          0          0          0          0   __rtentry4.o
        52          8          0          0          0          0   __scatter.o
        26          0          0          0          0          0   __scatter_copy.o
        28          0          0          0          0          0   __scatter_zi.o
        48          6          0          0          0         96   _printf_char_common.o
         6          0          0          0          0          0   _printf_d.o
       120         16          0          0          0         92   _printf_dec.o
         6          0          0          0          0          0   _printf_f.o
      1054          0          0          0          0        216   _printf_fp_dec.o
       128         16          0          0          0         84   _printf_fp_infnan.o
       178          0          0          0          0         88   _printf_intcommon.o
         0          0          0          0          0          0   _printf_percent.o
         4          0          0          0          0          0   _printf_percent_end.o
        10          0          0          0          0         68   _sputc.o
        22          0          0          0          0         80   abort.o
       128         42          0          0          0         76   assert.o
        20          0          0          0          0         76   assert_puts.o
       228          4        148          0          0         96   bigflt0.o
      1936        128          0          0          0        672   btod.o
        48         34          0          0          0         76   defsig_abrt_inner.o
        14          0          0          0          0         80   defsig_abrt_outer.o
        10          0          0          0          0         68   defsig_exit.o
        50          0          0          0          0         88   defsig_general.o
        18          0          0          0          0         80   exit.o
        78          0          0          0          0         80   h1_free.o
         6          0          0          0          0        152   heapauxi.o
         0          0          0          0          0          0   indicate_semi.o
        44         10         28          0          0         76   lc_numeric_c.o
         2          0          0          0          0          0   libinit.o
        18          0          0          0          0          0   libinit2.o
         2          0          0          0          0          0   libshutdown.o
         2          0          0          0          0          0   libshutdown2.o
         8          4          0          0         96         68   libspace.o
       138          0          0          0          0         80   lludiv10.o
        40          6          0          0          0         84   noretval__2sprintf.o
         8          4          0          0          0         68   rt_heap_descriptor_intlibspace.o
         8          4          0          0          0         68   rt_locale_intlibspace.o
        78          0          0          0          0         80   rt_memclr_w.o
         2          0          0          0          0          0   rtexit.o
        10          0          0          0          0          0   rtexit2.o
       128          0          0          0          0         68   strcmpv7m.o
        12          4          0          0          0         68   sys_exit.o
        74          0          0          0          0         80   sys_stackheap_outer.o
        14          0          0          0          0         76   sys_wrch.o
         2          0          0          0          0         68   use_no_semi.o
        12          0          0          0          0         68   dretinf.o
        86          4          0          0          0         84   f2d.o
        24          0          0          0          0         68   fcmpi.o
        48          0          0          0          0         68   fflt_clz.o
       104          4          0          0          0         84   fleqf.o
       140          4          0          0          0         84   fnaninf.o
        98          0          0          0          0         68   frleqf.o
         4          0          0          0          0         68   printf1.o
         0          0          0          0          0          0   usenofp.o
        40          0          0          0          0         68   fpclassify.o

    ----------------------------------------------------------------------
      5512        298        176          0        100       3964   Library Totals
        18          0          0          0          4          0   (incl. Padding)

    ----------------------------------------------------------------------

      Code (inc. data)   RO Data    RW Data    ZI Data      Debug   Library Name

      4938        286        176          0         96       3304   c_w.l
       516         12          0          0          0        592   fz_ws.l
        40          0          0          0          0         68   m_ws.l

    ----------------------------------------------------------------------
      5512        298        176          0        100       3964   Library Totals

    ----------------------------------------------------------------------

==============================================================================


      Code (inc. data)   RO Data    RW Data    ZI Data      Debug   

     10320       1044       1636         64      67112     580394   Grand Totals
     10320       1044       1636         64      67112     580394   ELF Image Totals
     10320       1044       1636         64          0          0   ROM Totals

==============================================================================

    Total RO  Size (Code + RO Data)                11956 (  11.68kB)
    Total RW  Size (RW Data + ZI Data)             67176 (  65.60kB)
    Total ROM Size (Code + RO Data + RW Data)      12020 (  11.74kB)

==============================================================================

